<!doctype html public "-//w3c//dtd html 4.0 transitional//en">
<html><head>
<title>Static Call Graph - [.\BUILD\Nucleo_blink_led_F103RB.axf]</title></head>
<body><HR>
<H1>Static Call Graph for image .\BUILD\Nucleo_blink_led_F103RB.axf</H1><HR>
<BR><P>#&#060CALLGRAPH&#062# ARM Linker, 5060300: Last Updated: Fri Dec 07 20:12:00 2018
<BR><P>
<H3>Maximum Stack Usage =        736 bytes + Unknown(Cycles, Untraceable Function Pointers)</H3><H3>
Call chain for Maximum Stack Depth:</H3>
__rt_lib_init_stdio_2 &rArr; _initio &rArr; freopen &rArr; _sys_open &rArr; open &rArr; mbed::FilePath::FilePath(const char*) &rArr; mbed::FileBase::lookup(const char*, unsigned) &rArr; SingletonPtr&lang;PlatformMutex&rang;::operator -&rang;() const &rArr; SingletonPtr&lang;PlatformMutex&rang;::get() const &rArr; mbed_assert_internal &rArr; mbed_error &rArr; print_error_report &rArr; mbed_error_puts &rArr;  core_util_critical_section_exit (Cycle)
<P>
<H3>
Mutually Recursive functions
</H3> <LI><a href="#[13]">NMI_Handler</a>&nbsp;&nbsp;&nbsp;&rArr;&nbsp;&nbsp;&nbsp;<a href="#[13]">NMI_Handler</a><BR>
 <LI><a href="#[14]">HardFault_Handler</a>&nbsp;&nbsp;&nbsp;&rArr;&nbsp;&nbsp;&nbsp;<a href="#[14]">HardFault_Handler</a><BR>
 <LI><a href="#[15]">MemManage_Handler</a>&nbsp;&nbsp;&nbsp;&rArr;&nbsp;&nbsp;&nbsp;<a href="#[15]">MemManage_Handler</a><BR>
 <LI><a href="#[16]">BusFault_Handler</a>&nbsp;&nbsp;&nbsp;&rArr;&nbsp;&nbsp;&nbsp;<a href="#[16]">BusFault_Handler</a><BR>
 <LI><a href="#[17]">UsageFault_Handler</a>&nbsp;&nbsp;&nbsp;&rArr;&nbsp;&nbsp;&nbsp;<a href="#[17]">UsageFault_Handler</a><BR>
 <LI><a href="#[18]">SVC_Handler</a>&nbsp;&nbsp;&nbsp;&rArr;&nbsp;&nbsp;&nbsp;<a href="#[18]">SVC_Handler</a><BR>
 <LI><a href="#[19]">DebugMon_Handler</a>&nbsp;&nbsp;&nbsp;&rArr;&nbsp;&nbsp;&nbsp;<a href="#[19]">DebugMon_Handler</a><BR>
 <LI><a href="#[1a]">PendSV_Handler</a>&nbsp;&nbsp;&nbsp;&rArr;&nbsp;&nbsp;&nbsp;<a href="#[1a]">PendSV_Handler</a><BR>
 <LI><a href="#[1b]">SysTick_Handler</a>&nbsp;&nbsp;&nbsp;&rArr;&nbsp;&nbsp;&nbsp;<a href="#[1b]">SysTick_Handler</a><BR>
 <LI><a href="#[2e]">ADC1_2_IRQHandler</a>&nbsp;&nbsp;&nbsp;&rArr;&nbsp;&nbsp;&nbsp;<a href="#[2e]">ADC1_2_IRQHandler</a><BR>
 <LI><a href="#[149]">core_util_critical_section_enter</a>&nbsp;&nbsp;&nbsp;&rArr;&nbsp;&nbsp;&nbsp;<a href="#[14f]">mbed_assert_internal</a><BR>
 <LI><a href="#[190]">mbed_error_puts</a>&nbsp;&nbsp;&nbsp;&rArr;&nbsp;&nbsp;&nbsp;<a href="#[14a]">core_util_critical_section_exit</a><BR>
 <LI><a href="#[134]">__cxa_guard_release</a>&nbsp;&nbsp;&nbsp;&rArr;&nbsp;&nbsp;&nbsp;<a href="#[14f]">mbed_assert_internal</a><BR>
 <LI><a href="#[131]">__cxa_guard_acquire</a>&nbsp;&nbsp;&nbsp;&rArr;&nbsp;&nbsp;&nbsp;<a href="#[14f]">mbed_assert_internal</a><BR>
 <LI><a href="#[13a]">serial_init</a>&nbsp;&nbsp;&nbsp;&rArr;&nbsp;&nbsp;&nbsp;<a href="#[14f]">mbed_assert_internal</a><BR>
 <LI><a href="#[17f]">pin_mode</a>&nbsp;&nbsp;&nbsp;&rArr;&nbsp;&nbsp;&nbsp;<a href="#[14f]">mbed_assert_internal</a><BR>
 <LI><a href="#[177]">mbed_error_vprintf</a>&nbsp;&nbsp;&nbsp;&rArr;&nbsp;&nbsp;&nbsp;<a href="#[190]">mbed_error_puts</a><BR>
 <LI><a href="#[12a]">error</a>&nbsp;&nbsp;&nbsp;&rArr;&nbsp;&nbsp;&nbsp;<a href="#[176]">print_error_report</a><BR>
 <LI><a href="#[164]">gpio_mode</a>&nbsp;&nbsp;&nbsp;&rArr;&nbsp;&nbsp;&nbsp;<a href="#[17f]">pin_mode</a><BR>
 <LI><a href="#[17d]">gpio_set</a>&nbsp;&nbsp;&nbsp;&rArr;&nbsp;&nbsp;&nbsp;<a href="#[14f]">mbed_assert_internal</a><BR>
 <LI><a href="#[180]">pin_function</a>&nbsp;&nbsp;&nbsp;&rArr;&nbsp;&nbsp;&nbsp;<a href="#[14f]">mbed_assert_internal</a><BR>
 <LI><a href="#[161]">gpio_init</a>&nbsp;&nbsp;&nbsp;&rArr;&nbsp;&nbsp;&nbsp;<a href="#[12b]">Set_GPIO_Clock</a><BR>
 <LI><a href="#[111]">ticker_read_us</a>&nbsp;&nbsp;&nbsp;&rArr;&nbsp;&nbsp;&nbsp;<a href="#[14a]">core_util_critical_section_exit</a><BR>
 <LI><a href="#[186]">initialize</a>&nbsp;&nbsp;&nbsp;&rArr;&nbsp;&nbsp;&nbsp;<a href="#[14f]">mbed_assert_internal</a><BR>
 <LI><a href="#[188]">schedule_interrupt</a>&nbsp;&nbsp;&nbsp;&rArr;&nbsp;&nbsp;&nbsp;<a href="#[14f]">mbed_assert_internal</a><BR>
 <LI><a href="#[179]">fsync</a>&nbsp;&nbsp;&nbsp;&rArr;&nbsp;&nbsp;&nbsp;<a href="#[138]">get_fhc(int)</a><BR>
 <LI><a href="#[ef]">_sys_write</a>&nbsp;&nbsp;&nbsp;&rArr;&nbsp;&nbsp;&nbsp;<a href="#[16d]">write</a><BR>
 <LI><a href="#[16b]">lseek</a>&nbsp;&nbsp;&nbsp;&rArr;&nbsp;&nbsp;&nbsp;<a href="#[138]">get_fhc(int)</a><BR>
 <LI><a href="#[168]">isatty</a>&nbsp;&nbsp;&nbsp;&rArr;&nbsp;&nbsp;&nbsp;<a href="#[138]">get_fhc(int)</a><BR>
 <LI><a href="#[d4]">_sys_flen</a>&nbsp;&nbsp;&nbsp;&rArr;&nbsp;&nbsp;&nbsp;<a href="#[138]">get_fhc(int)</a><BR>
 <LI><a href="#[175]">handle_error</a>&nbsp;&nbsp;&nbsp;&rArr;&nbsp;&nbsp;&nbsp;<a href="#[14a]">core_util_critical_section_exit</a><BR>
 <LI><a href="#[19e]">pinmap_pinout</a>&nbsp;&nbsp;&nbsp;&rArr;&nbsp;&nbsp;&nbsp;<a href="#[18c]">mbed_error</a><BR>
 <LI><a href="#[19c]">pinmap_peripheral</a>&nbsp;&nbsp;&nbsp;&rArr;&nbsp;&nbsp;&nbsp;<a href="#[18c]">mbed_error</a><BR>
 <LI><a href="#[19b]">pinmap_merge</a>&nbsp;&nbsp;&nbsp;&rArr;&nbsp;&nbsp;&nbsp;<a href="#[18c]">mbed_error</a><BR>
</UL>
<P>
<H3>
Function Pointers
</H3><UL>
 <LI><a href="#[2e]">ADC1_2_IRQHandler</a> from .\build\startup_stm32f103xe.o(.text) referenced from .\build\startup_stm32f103xe.o(RESET)
 <LI><a href="#[4b]">ADC3_IRQHandler</a> from .\build\startup_stm32f103xe.o(.text) referenced from .\build\startup_stm32f103xe.o(RESET)
 <LI><a href="#[16]">BusFault_Handler</a> from .\build\startup_stm32f103xe.o(.text) referenced from .\build\startup_stm32f103xe.o(RESET)
 <LI><a href="#[31]">CAN1_RX1_IRQHandler</a> from .\build\startup_stm32f103xe.o(.text) referenced from .\build\startup_stm32f103xe.o(RESET)
 <LI><a href="#[32]">CAN1_SCE_IRQHandler</a> from .\build\can_api.o(i.CAN1_SCE_IRQHandler) referenced from .\build\startup_stm32f103xe.o(RESET)
 <LI><a href="#[27]">DMA1_Channel1_IRQHandler</a> from .\build\startup_stm32f103xe.o(.text) referenced from .\build\startup_stm32f103xe.o(RESET)
 <LI><a href="#[28]">DMA1_Channel2_IRQHandler</a> from .\build\startup_stm32f103xe.o(.text) referenced from .\build\startup_stm32f103xe.o(RESET)
 <LI><a href="#[29]">DMA1_Channel3_IRQHandler</a> from .\build\startup_stm32f103xe.o(.text) referenced from .\build\startup_stm32f103xe.o(RESET)
 <LI><a href="#[2a]">DMA1_Channel4_IRQHandler</a> from .\build\startup_stm32f103xe.o(.text) referenced from .\build\startup_stm32f103xe.o(RESET)
 <LI><a href="#[2b]">DMA1_Channel5_IRQHandler</a> from .\build\startup_stm32f103xe.o(.text) referenced from .\build\startup_stm32f103xe.o(RESET)
 <LI><a href="#[2c]">DMA1_Channel6_IRQHandler</a> from .\build\startup_stm32f103xe.o(.text) referenced from .\build\startup_stm32f103xe.o(RESET)
 <LI><a href="#[2d]">DMA1_Channel7_IRQHandler</a> from .\build\startup_stm32f103xe.o(.text) referenced from .\build\startup_stm32f103xe.o(RESET)
 <LI><a href="#[54]">DMA2_Channel1_IRQHandler</a> from .\build\startup_stm32f103xe.o(.text) referenced from .\build\startup_stm32f103xe.o(RESET)
 <LI><a href="#[55]">DMA2_Channel2_IRQHandler</a> from .\build\startup_stm32f103xe.o(.text) referenced from .\build\startup_stm32f103xe.o(RESET)
 <LI><a href="#[56]">DMA2_Channel3_IRQHandler</a> from .\build\startup_stm32f103xe.o(.text) referenced from .\build\startup_stm32f103xe.o(RESET)
 <LI><a href="#[57]">DMA2_Channel4_5_IRQHandler</a> from .\build\startup_stm32f103xe.o(.text) referenced from .\build\startup_stm32f103xe.o(RESET)
 <LI><a href="#[19]">DebugMon_Handler</a> from .\build\startup_stm32f103xe.o(.text) referenced from .\build\startup_stm32f103xe.o(RESET)
 <LI><a href="#[22]">EXTI0_IRQHandler</a> from .\build\startup_stm32f103xe.o(.text) referenced from .\build\startup_stm32f103xe.o(RESET)
 <LI><a href="#[44]">EXTI15_10_IRQHandler</a> from .\build\startup_stm32f103xe.o(.text) referenced from .\build\startup_stm32f103xe.o(RESET)
 <LI><a href="#[23]">EXTI1_IRQHandler</a> from .\build\startup_stm32f103xe.o(.text) referenced from .\build\startup_stm32f103xe.o(RESET)
 <LI><a href="#[24]">EXTI2_IRQHandler</a> from .\build\startup_stm32f103xe.o(.text) referenced from .\build\startup_stm32f103xe.o(RESET)
 <LI><a href="#[25]">EXTI3_IRQHandler</a> from .\build\startup_stm32f103xe.o(.text) referenced from .\build\startup_stm32f103xe.o(RESET)
 <LI><a href="#[26]">EXTI4_IRQHandler</a> from .\build\startup_stm32f103xe.o(.text) referenced from .\build\startup_stm32f103xe.o(RESET)
 <LI><a href="#[33]">EXTI9_5_IRQHandler</a> from .\build\startup_stm32f103xe.o(.text) referenced from .\build\startup_stm32f103xe.o(RESET)
 <LI><a href="#[20]">FLASH_IRQHandler</a> from .\build\startup_stm32f103xe.o(.text) referenced from .\build\startup_stm32f103xe.o(RESET)
 <LI><a href="#[4c]">FSMC_IRQHandler</a> from .\build\startup_stm32f103xe.o(.text) referenced from .\build\startup_stm32f103xe.o(RESET)
 <LI><a href="#[14]">HardFault_Handler</a> from .\build\startup_stm32f103xe.o(.text) referenced from .\build\startup_stm32f103xe.o(RESET)
 <LI><a href="#[3c]">I2C1_ER_IRQHandler</a> from .\build\startup_stm32f103xe.o(.text) referenced from .\build\startup_stm32f103xe.o(RESET)
 <LI><a href="#[3b]">I2C1_EV_IRQHandler</a> from .\build\startup_stm32f103xe.o(.text) referenced from .\build\startup_stm32f103xe.o(RESET)
 <LI><a href="#[3e]">I2C2_ER_IRQHandler</a> from .\build\startup_stm32f103xe.o(.text) referenced from .\build\startup_stm32f103xe.o(RESET)
 <LI><a href="#[3d]">I2C2_EV_IRQHandler</a> from .\build\startup_stm32f103xe.o(.text) referenced from .\build\startup_stm32f103xe.o(RESET)
 <LI><a href="#[15]">MemManage_Handler</a> from .\build\startup_stm32f103xe.o(.text) referenced from .\build\startup_stm32f103xe.o(RESET)
 <LI><a href="#[13]">NMI_Handler</a> from .\build\startup_stm32f103xe.o(.text) referenced from .\build\startup_stm32f103xe.o(RESET)
 <LI><a href="#[1d]">PVD_IRQHandler</a> from .\build\startup_stm32f103xe.o(.text) referenced from .\build\startup_stm32f103xe.o(RESET)
 <LI><a href="#[1a]">PendSV_Handler</a> from .\build\startup_stm32f103xe.o(.text) referenced from .\build\startup_stm32f103xe.o(RESET)
 <LI><a href="#[21]">RCC_IRQHandler</a> from .\build\startup_stm32f103xe.o(.text) referenced from .\build\startup_stm32f103xe.o(RESET)
 <LI><a href="#[45]">RTC_Alarm_IRQHandler</a> from .\build\startup_stm32f103xe.o(.text) referenced from .\build\startup_stm32f103xe.o(RESET)
 <LI><a href="#[1f]">RTC_IRQHandler</a> from .\build\startup_stm32f103xe.o(.text) referenced from .\build\startup_stm32f103xe.o(RESET)
 <LI><a href="#[12]">Reset_Handler</a> from .\build\startup_stm32f103xe.o(.text) referenced from .\build\startup_stm32f103xe.o(RESET)
 <LI><a href="#[4d]">SDIO_IRQHandler</a> from .\build\startup_stm32f103xe.o(.text) referenced from .\build\startup_stm32f103xe.o(RESET)
 <LI><a href="#[3f]">SPI1_IRQHandler</a> from .\build\startup_stm32f103xe.o(.text) referenced from .\build\startup_stm32f103xe.o(RESET)
 <LI><a href="#[40]">SPI2_IRQHandler</a> from .\build\startup_stm32f103xe.o(.text) referenced from .\build\startup_stm32f103xe.o(RESET)
 <LI><a href="#[4f]">SPI3_IRQHandler</a> from .\build\startup_stm32f103xe.o(.text) referenced from .\build\startup_stm32f103xe.o(RESET)
 <LI><a href="#[18]">SVC_Handler</a> from .\build\startup_stm32f103xe.o(.text) referenced from .\build\startup_stm32f103xe.o(RESET)
 <LI><a href="#[1b]">SysTick_Handler</a> from .\build\startup_stm32f103xe.o(.text) referenced from .\build\startup_stm32f103xe.o(RESET)
 <LI><a href="#[58]">SystemInit</a> from .\build\system_clock.o(i.SystemInit) referenced from .\build\startup_stm32f103xe.o(.text)
 <LI><a href="#[1e]">TAMPER_IRQHandler</a> from .\build\startup_stm32f103xe.o(.text) referenced from .\build\startup_stm32f103xe.o(RESET)
 <LI><a href="#[34]">TIM1_BRK_IRQHandler</a> from .\build\startup_stm32f103xe.o(.text) referenced from .\build\startup_stm32f103xe.o(RESET)
 <LI><a href="#[37]">TIM1_CC_IRQHandler</a> from .\build\startup_stm32f103xe.o(.text) referenced from .\build\startup_stm32f103xe.o(RESET)
 <LI><a href="#[36]">TIM1_TRG_COM_IRQHandler</a> from .\build\startup_stm32f103xe.o(.text) referenced from .\build\startup_stm32f103xe.o(RESET)
 <LI><a href="#[35]">TIM1_UP_IRQHandler</a> from .\build\startup_stm32f103xe.o(.text) referenced from .\build\startup_stm32f103xe.o(RESET)
 <LI><a href="#[38]">TIM2_IRQHandler</a> from .\build\startup_stm32f103xe.o(.text) referenced from .\build\startup_stm32f103xe.o(RESET)
 <LI><a href="#[39]">TIM3_IRQHandler</a> from .\build\startup_stm32f103xe.o(.text) referenced from .\build\startup_stm32f103xe.o(RESET)
 <LI><a href="#[3a]">TIM4_IRQHandler</a> from .\build\startup_stm32f103xe.o(.text) referenced from .\build\startup_stm32f103xe.o(RESET)
 <LI><a href="#[4e]">TIM5_IRQHandler</a> from .\build\startup_stm32f103xe.o(.text) referenced from .\build\startup_stm32f103xe.o(RESET)
 <LI><a href="#[52]">TIM6_IRQHandler</a> from .\build\startup_stm32f103xe.o(.text) referenced from .\build\startup_stm32f103xe.o(RESET)
 <LI><a href="#[53]">TIM7_IRQHandler</a> from .\build\startup_stm32f103xe.o(.text) referenced from .\build\startup_stm32f103xe.o(RESET)
 <LI><a href="#[47]">TIM8_BRK_IRQHandler</a> from .\build\startup_stm32f103xe.o(.text) referenced from .\build\startup_stm32f103xe.o(RESET)
 <LI><a href="#[4a]">TIM8_CC_IRQHandler</a> from .\build\startup_stm32f103xe.o(.text) referenced from .\build\startup_stm32f103xe.o(RESET)
 <LI><a href="#[49]">TIM8_TRG_COM_IRQHandler</a> from .\build\startup_stm32f103xe.o(.text) referenced from .\build\startup_stm32f103xe.o(RESET)
 <LI><a href="#[48]">TIM8_UP_IRQHandler</a> from .\build\startup_stm32f103xe.o(.text) referenced from .\build\startup_stm32f103xe.o(RESET)
 <LI><a href="#[50]">UART4_IRQHandler</a> from .\build\startup_stm32f103xe.o(.text) referenced from .\build\startup_stm32f103xe.o(RESET)
 <LI><a href="#[51]">UART5_IRQHandler</a> from .\build\startup_stm32f103xe.o(.text) referenced from .\build\startup_stm32f103xe.o(RESET)
 <LI><a href="#[41]">USART1_IRQHandler</a> from .\build\startup_stm32f103xe.o(.text) referenced from .\build\startup_stm32f103xe.o(RESET)
 <LI><a href="#[42]">USART2_IRQHandler</a> from .\build\startup_stm32f103xe.o(.text) referenced from .\build\startup_stm32f103xe.o(RESET)
 <LI><a href="#[43]">USART3_IRQHandler</a> from .\build\startup_stm32f103xe.o(.text) referenced from .\build\startup_stm32f103xe.o(RESET)
 <LI><a href="#[46]">USBWakeUp_IRQHandler</a> from .\build\startup_stm32f103xe.o(.text) referenced from .\build\startup_stm32f103xe.o(RESET)
 <LI><a href="#[2f]">USB_HP_CAN1_TX_IRQHandler</a> from .\build\can_api.o(i.USB_HP_CAN1_TX_IRQHandler) referenced from .\build\startup_stm32f103xe.o(RESET)
 <LI><a href="#[30]">USB_LP_CAN1_RX0_IRQHandler</a> from .\build\can_api.o(i.USB_LP_CAN1_RX0_IRQHandler) referenced from .\build\startup_stm32f103xe.o(RESET)
 <LI><a href="#[17]">UsageFault_Handler</a> from .\build\startup_stm32f103xe.o(.text) referenced from .\build\startup_stm32f103xe.o(RESET)
 <LI><a href="#[1c]">WWDG_IRQHandler</a> from .\build\startup_stm32f103xe.o(.text) referenced from .\build\startup_stm32f103xe.o(RESET)
 <LI><a href="#[64]">toggle_led()</a> from .\build\main.o(i._Z10toggle_ledv) referenced from .\build\main.o(i.main)
 <LI><a href="#[6f]">DirectSerial::seek(long, int)</a> from .\build\mbed_retarget.o(i._ZN12DirectSerial4seekEli) referenced from .\build\mbed_retarget.o(.constdata__ZTV12DirectSerial)
 <LI><a href="#[73]">DirectSerial::size()</a> from .\build\mbed_retarget.o(i._ZN12DirectSerial4sizeEv) referenced from .\build\mbed_retarget.o(.constdata__ZTV12DirectSerial)
 <LI><a href="#[70]">DirectSerial::close()</a> from .\build\mbed_retarget.o(i._ZN12DirectSerial5closeEv) referenced from .\build\mbed_retarget.o(.constdata__ZTV12DirectSerial)
 <LI><a href="#[6e]">DirectSerial::write(const void*, unsigned)</a> from .\build\mbed_retarget.o(i._ZN12DirectSerial5writeEPKvj) referenced from .\build\mbed_retarget.o(.constdata__ZTV12DirectSerial)
 <LI><a href="#[72]">DirectSerial::isatty()</a> from .\build\mbed_retarget.o(i._ZN12DirectSerial6isattyEv) referenced from .\build\mbed_retarget.o(.constdata__ZTV12DirectSerial)
 <LI><a href="#[5e]">DirectSerial::~DirectSerial()</a> from .\build\mbed_retarget.o(i._ZN12DirectSerialD1Ev) referenced from .\build\mbed_retarget.o(.constdata__ZTV12DirectSerial)
 <LI><a href="#[5e]">DirectSerial::~DirectSerial()</a> from .\build\mbed_retarget.o(i._ZN12DirectSerialD1Ev) referenced from .\build\mbed_retarget.o(i._Z15default_consolev)
 <LI><a href="#[77]">mbed::FileHandle::size()</a> from .\build\filehandle.o(i._ZN4mbed10FileHandle4sizeEv) referenced from .\build\filehandle.o(.constdata__ZTVN4mbed10FileHandleE)
 <LI><a href="#[71]">mbed::FileHandle::sync()</a> from .\build\filehandle.o(i._ZN4mbed10FileHandle4syncEv) referenced from .\build\mbed_retarget.o(.constdata__ZTV12DirectSerial)
 <LI><a href="#[71]">mbed::FileHandle::sync()</a> from .\build\filehandle.o(i._ZN4mbed10FileHandle4syncEv) referenced from .\build\filehandle.o(.constdata__ZTVN4mbed10FileHandleE)
 <LI><a href="#[76]">mbed::FileHandle::isatty()</a> from .\build\filehandle.o(i._ZN4mbed10FileHandle6isattyEv) referenced from .\build\filehandle.o(.constdata__ZTVN4mbed10FileHandleE)
 <LI><a href="#[74]">mbed::FileHandle::~FileHandle__sub_object()</a> from .\build\filehandle.o(i._ZN4mbed10FileHandleD2Ev) referenced from .\build\filehandle.o(.constdata__ZTVN4mbed10FileHandleE)
 <LI><a href="#[5f]">mbed::TimerEvent::irq(unsigned)</a> from .\build\timerevent.o(i._ZN4mbed10TimerEvent3irqEj) referenced from .\build\timerevent.o(i._ZN4mbed10TimerEventC2Ev)
 <LI><a href="#[78]">mbed::TimerEvent::~TimerEvent__sub_object()</a> from .\build\timerevent.o(i._ZN4mbed10TimerEventD2Ev) referenced from .\build\timerevent.o(.constdata__ZTVN4mbed10TimerEventE)
 <LI><a href="#[60]">mbed::Transaction&lang;mbed::SPI&rang;::Transaction()</a> from .\build\spi.o(t._ZN4mbed11TransactionINS_3SPIEEC1Ev) referenced from .\build\spi.o(i.__sti___7_SPI_cpp_ab1f1164)
 <LI><a href="#[65]">mbed::Transaction&lang;mbed::SPI&rang;::~Transaction()</a> from .\build\spi.o(t._ZN4mbed11TransactionINS_3SPIEED1Ev) referenced from .\build\spi.o(t._ZN4mbed14CircularBufferINS_11TransactionINS_3SPIEEELj2EjED1Ev)
 <LI><a href="#[61]">mbed::CircularBuffer&lang;mbed::Transaction&lang;mbed::SPI&rang;, (unsigned)2, unsigned&rang;::~CircularBuffer()</a> from .\build\spi.o(t._ZN4mbed14CircularBufferINS_11TransactionINS_3SPIEEELj2EjED1Ev) referenced from .\build\spi.o(i.__sti___7_SPI_cpp_ab1f1164)
 <LI><a href="#[79]">mbed::Ticker::handler()</a> from .\build\ticker.o(i._ZN4mbed6Ticker7handlerEv) referenced from .\build\ticker.o(.constdata__ZTVN4mbed6TickerE)
 <LI><a href="#[62]">mbed::Ticker::~Ticker()</a> from .\build\main.o(i._ZN4mbed6TickerD1Ev) referenced from .\build\ticker.o(.constdata__ZTVN4mbed6TickerE)
 <LI><a href="#[62]">mbed::Ticker::~Ticker()</a> from .\build\main.o(i._ZN4mbed6TickerD1Ev) referenced from .\build\main.o(i.__sti___8_main_cpp_led1)
 <LI><a href="#[7a]">void mbed::Callback&lang;void(int)&rang;::function_call&lang;void(*)(int)&rang;(const void*, int)</a> from .\build\i2c.o(t._ZN4mbed8CallbackIFviEE13function_callIPS1_EEvPKvi) referenced from .\build\i2c.o(.constdata__ZZN4mbed8CallbackIFviEE8generateIPS1_EEvRKT_E3ops)
 <LI><a href="#[7c]">void mbed::Callback&lang;void(int)&rang;::function_dtor&lang;void(*)(int)&rang;(void*)</a> from .\build\i2c.o(t._ZN4mbed8CallbackIFviEE13function_dtorIPS1_EEvPv) referenced from .\build\i2c.o(.constdata__ZZN4mbed8CallbackIFviEE8generateIPS1_EEvRKT_E3ops)
 <LI><a href="#[7b]">void mbed::Callback&lang;void(int)&rang;::function_move&lang;void(*)(int)&rang;(void*, const void*)</a> from .\build\i2c.o(t._ZN4mbed8CallbackIFviEE13function_moveIPS1_EEvPvPKv) referenced from .\build\i2c.o(.constdata__ZZN4mbed8CallbackIFviEE8generateIPS1_EEvRKT_E3ops)
 <LI><a href="#[7d]">void mbed::Callback&lang;void()&rang;::function_call&lang;void(*)()&rang;(const void*)</a> from .\build\main.o(t._ZN4mbed8CallbackIFvvEE13function_callIPS1_EEvPKv) referenced from .\build\main.o(.constdata__ZZN4mbed8CallbackIFvvEE8generateIPS1_EEvRKT_E3ops)
 <LI><a href="#[7f]">void mbed::Callback&lang;void()&rang;::function_dtor&lang;void(*)()&rang;(void*)</a> from .\build\main.o(t._ZN4mbed8CallbackIFvvEE13function_dtorIPS1_EEvPv) referenced from .\build\main.o(.constdata__ZZN4mbed8CallbackIFvvEE8generateIPS1_EEvRKT_E3ops)
 <LI><a href="#[7e]">void mbed::Callback&lang;void()&rang;::function_move&lang;void(*)()&rang;(void*, const void*)</a> from .\build\main.o(t._ZN4mbed8CallbackIFvvEE13function_moveIPS1_EEvPvPKv) referenced from .\build\main.o(.constdata__ZZN4mbed8CallbackIFvvEE8generateIPS1_EEvRKT_E3ops)
 <LI><a href="#[75]">__cxa_pure_virtual</a> from D:\Keil_v5\ARM\ARMCC\Bin\..\lib\cpplib\cpprt_w.l(pure_virt.o)(i.__cxa_pure_virtual) referenced 4 times from .\build\filehandle.o(.constdata__ZTVN4mbed10FileHandleE)
 <LI><a href="#[75]">__cxa_pure_virtual</a> from D:\Keil_v5\ARM\ARMCC\Bin\..\lib\cpplib\cpprt_w.l(pure_virt.o)(i.__cxa_pure_virtual) referenced from .\build\timerevent.o(.constdata__ZTVN4mbed10TimerEventE)
 <LI><a href="#[83]">__main</a> from D:\Keil_v5\ARM\ARMCC\Bin\..\lib\armlib\c_w.l(__main.o)(!!!main) referenced from .\build\startup_stm32f103xe.o(.text)
 <LI><a href="#[81]">__sti___7_SPI_cpp_ab1f1164</a> from .\build\spi.o(i.__sti___7_SPI_cpp_ab1f1164) referenced from .\build\spi.o(.init_array)
 <LI><a href="#[80]">__sti___8_main_cpp_led1</a> from .\build\main.o(i.__sti___8_main_cpp_led1) referenced from .\build\main.o(.init_array)
 <LI><a href="#[5d]">_get_lc_ctype</a> from D:\Keil_v5\ARM\ARMCC\Bin\..\lib\armlib\c_w.l(lc_ctype_c.o)(locale$$code) referenced from D:\Keil_v5\ARM\ARMCC\Bin\..\lib\armlib\c_w.l(rt_ctype_table.o)(.text)
 <LI><a href="#[5b]">_printf_input_char</a> from D:\Keil_v5\ARM\ARMCC\Bin\..\lib\armlib\c_w.l(_printf_char_common.o)(.text) referenced from D:\Keil_v5\ARM\ARMCC\Bin\..\lib\armlib\c_w.l(_printf_char_common.o)(.text)
 <LI><a href="#[5a]">_snputc</a> from D:\Keil_v5\ARM\ARMCC\Bin\..\lib\armlib\c_w.l(_snputc.o)(.text) referenced from D:\Keil_v5\ARM\ARMCC\Bin\..\lib\armlib\c_w.l(vsnprintf.o)(.text)
 <LI><a href="#[5c]">fputc</a> from D:\Keil_v5\ARM\ARMCC\Bin\..\lib\armlib\c_w.l(fputc.o)(i.fputc) referenced from D:\Keil_v5\ARM\ARMCC\Bin\..\lib\armlib\c_w.l(_printf_char_file.o)(.text)
 <LI><a href="#[82]">ticker_irq_handler</a> from .\build\mbed_ticker_api.o(i.ticker_irq_handler) referenced from .\build\mbed_us_ticker_api.o(.data)
 <LI><a href="#[63]">timer_irq_handler</a> from .\build\us_ticker.o(i.timer_irq_handler) referenced from .\build\us_ticker.o(i.init_16bit_timer)
 <LI><a href="#[69]">us_ticker_clear_interrupt</a> from .\build\us_ticker.o(i.us_ticker_clear_interrupt) referenced from .\build\mbed_us_ticker_api.o(.constdata)
 <LI><a href="#[68]">us_ticker_disable_interrupt</a> from .\build\us_ticker.o(i.us_ticker_disable_interrupt) referenced from .\build\mbed_us_ticker_api.o(.constdata)
 <LI><a href="#[6b]">us_ticker_fire_interrupt</a> from .\build\us_ticker.o(i.us_ticker_fire_interrupt) referenced from .\build\mbed_us_ticker_api.o(.constdata)
 <LI><a href="#[6c]">us_ticker_free</a> from .\build\us_ticker.o(i.us_ticker_free) referenced from .\build\mbed_us_ticker_api.o(.constdata)
 <LI><a href="#[6d]">us_ticker_get_info</a> from .\build\us_ticker.o(i.us_ticker_get_info) referenced from .\build\mbed_us_ticker_api.o(.constdata)
 <LI><a href="#[66]">us_ticker_init</a> from .\build\us_ticker.o(i.us_ticker_init) referenced from .\build\mbed_us_ticker_api.o(.constdata)
 <LI><a href="#[67]">us_ticker_read</a> from .\build\us_ticker.o(i.us_ticker_read) referenced from .\build\mbed_us_ticker_api.o(.constdata)
 <LI><a href="#[6a]">us_ticker_set_interrupt</a> from .\build\us_ticker.o(i.us_ticker_set_interrupt) referenced from .\build\mbed_us_ticker_api.o(.constdata)
</UL>
<P>
<H3>
Global Symbols
</H3>
<P><STRONG><a name="[83]"></a>__main</STRONG> (Thumb, 8 bytes, Stack size 0 bytes, D:\Keil_v5\ARM\ARMCC\Bin\..\lib\armlib\c_w.l(__main.o)(!!!main))
<BR><BR>[Calls]<UL><LI><a href="#[86]">&gt;&gt;</a>&nbsp;&nbsp;&nbsp;__rt_entry
<LI><a href="#[85]">&gt;&gt;</a>&nbsp;&nbsp;&nbsp;__scatterload
</UL>

<P><STRONG><a name="[85]"></a>__scatterload</STRONG> (Thumb, 0 bytes, Stack size unknown bytes, D:\Keil_v5\ARM\ARMCC\Bin\..\lib\armlib\c_w.l(__scatter.o)(!!!scatter))
<BR><BR>[Called By]<UL><LI><a href="#[83]">&gt;&gt;</a>&nbsp;&nbsp;&nbsp;__main
</UL>

<P><STRONG><a name="[87]"></a>__scatterload_rt2</STRONG> (Thumb, 44 bytes, Stack size unknown bytes, D:\Keil_v5\ARM\ARMCC\Bin\..\lib\armlib\c_w.l(__scatter.o)(!!!scatter), UNUSED)
<BR><BR>[Calls]<UL><LI><a href="#[86]">&gt;&gt;</a>&nbsp;&nbsp;&nbsp;__rt_entry
</UL>

<P><STRONG><a name="[1b2]"></a>__scatterload_rt2_thumb_only</STRONG> (Thumb, 0 bytes, Stack size unknown bytes, D:\Keil_v5\ARM\ARMCC\Bin\..\lib\armlib\c_w.l(__scatter.o)(!!!scatter), UNUSED)

<P><STRONG><a name="[1b3]"></a>__scatterload_null</STRONG> (Thumb, 0 bytes, Stack size unknown bytes, D:\Keil_v5\ARM\ARMCC\Bin\..\lib\armlib\c_w.l(__scatter.o)(!!!scatter), UNUSED)

<P><STRONG><a name="[88]"></a>__scatterload_copy</STRONG> (Thumb, 26 bytes, Stack size unknown bytes, D:\Keil_v5\ARM\ARMCC\Bin\..\lib\armlib\c_w.l(__scatter_copy.o)(!!handler_copy), UNUSED)
<BR><BR>[Calls]<UL><LI><a href="#[88]">&gt;&gt;</a>&nbsp;&nbsp;&nbsp;__scatterload_copy
</UL>
<BR>[Called By]<UL><LI><a href="#[88]">&gt;&gt;</a>&nbsp;&nbsp;&nbsp;__scatterload_copy
</UL>

<P><STRONG><a name="[1b4]"></a>__scatterload_zeroinit</STRONG> (Thumb, 28 bytes, Stack size unknown bytes, D:\Keil_v5\ARM\ARMCC\Bin\..\lib\armlib\c_w.l(__scatter_zi.o)(!!handler_zi), UNUSED)

<P><STRONG><a name="[89]"></a>_printf_n</STRONG> (Thumb, 0 bytes, Stack size unknown bytes, D:\Keil_v5\ARM\ARMCC\Bin\..\lib\armlib\c_w.l(_printf_n.o)(.ARM.Collect$$_printf_percent$$00000001))
<BR><BR>[Calls]<UL><LI><a href="#[8a]">&gt;&gt;</a>&nbsp;&nbsp;&nbsp;_printf_charcount
</UL>

<P><STRONG><a name="[cd]"></a>_printf_percent</STRONG> (Thumb, 0 bytes, Stack size unknown bytes, D:\Keil_v5\ARM\ARMCC\Bin\..\lib\armlib\c_w.l(_printf_percent.o)(.ARM.Collect$$_printf_percent$$00000000))
<BR><BR>[Called By]<UL><LI><a href="#[cb]">&gt;&gt;</a>&nbsp;&nbsp;&nbsp;__printf
</UL>

<P><STRONG><a name="[8b]"></a>_printf_p</STRONG> (Thumb, 0 bytes, Stack size unknown bytes, D:\Keil_v5\ARM\ARMCC\Bin\..\lib\armlib\c_w.l(_printf_p.o)(.ARM.Collect$$_printf_percent$$00000002))
<BR><BR>[Stack]<UL><LI>Max Depth = 64 + Unknown Stack Size
<LI>Call Chain = _printf_p &rArr; _printf_hex_ptr &rArr; _printf_longlong_hex &rArr; _printf_int_common &rArr; _printf_post_padding
</UL>
<BR>[Calls]<UL><LI><a href="#[8c]">&gt;&gt;</a>&nbsp;&nbsp;&nbsp;_printf_hex_ptr
</UL>

<P><STRONG><a name="[8d]"></a>_printf_f</STRONG> (Thumb, 0 bytes, Stack size unknown bytes, D:\Keil_v5\ARM\ARMCC\Bin\..\lib\armlib\c_w.l(_printf_f.o)(.ARM.Collect$$_printf_percent$$00000003))
<BR><BR>[Stack]<UL><LI>Max Depth = 320 + Unknown Stack Size
<LI>Call Chain = _printf_f &rArr; _printf_fp_dec &rArr; _printf_fp_dec_real &rArr; _fp_digits &rArr; _btod_etento &rArr; _btod_emul &rArr; _e2e
</UL>
<BR>[Calls]<UL><LI><a href="#[8e]">&gt;&gt;</a>&nbsp;&nbsp;&nbsp;_printf_fp_dec
</UL>

<P><STRONG><a name="[8f]"></a>_printf_e</STRONG> (Thumb, 0 bytes, Stack size unknown bytes, D:\Keil_v5\ARM\ARMCC\Bin\..\lib\armlib\c_w.l(_printf_e.o)(.ARM.Collect$$_printf_percent$$00000004))
<BR><BR>[Stack]<UL><LI>Max Depth = 320 + Unknown Stack Size
<LI>Call Chain = _printf_e &rArr; _printf_fp_dec &rArr; _printf_fp_dec_real &rArr; _fp_digits &rArr; _btod_etento &rArr; _btod_emul &rArr; _e2e
</UL>
<BR>[Calls]<UL><LI><a href="#[8e]">&gt;&gt;</a>&nbsp;&nbsp;&nbsp;_printf_fp_dec
</UL>

<P><STRONG><a name="[90]"></a>_printf_g</STRONG> (Thumb, 0 bytes, Stack size unknown bytes, D:\Keil_v5\ARM\ARMCC\Bin\..\lib\armlib\c_w.l(_printf_g.o)(.ARM.Collect$$_printf_percent$$00000005))
<BR><BR>[Stack]<UL><LI>Max Depth = 320 + Unknown Stack Size
<LI>Call Chain = _printf_g &rArr; _printf_fp_dec &rArr; _printf_fp_dec_real &rArr; _fp_digits &rArr; _btod_etento &rArr; _btod_emul &rArr; _e2e
</UL>
<BR>[Calls]<UL><LI><a href="#[8e]">&gt;&gt;</a>&nbsp;&nbsp;&nbsp;_printf_fp_dec
</UL>

<P><STRONG><a name="[91]"></a>_printf_a</STRONG> (Thumb, 0 bytes, Stack size unknown bytes, D:\Keil_v5\ARM\ARMCC\Bin\..\lib\armlib\c_w.l(_printf_a.o)(.ARM.Collect$$_printf_percent$$00000006))
<BR><BR>[Stack]<UL><LI>Max Depth = 112 + Unknown Stack Size
<LI>Call Chain = _printf_a &rArr; _printf_fp_hex &rArr; _printf_fp_hex_real &rArr; _printf_fp_infnan &rArr; _printf_post_padding
</UL>
<BR>[Calls]<UL><LI><a href="#[92]">&gt;&gt;</a>&nbsp;&nbsp;&nbsp;_printf_fp_hex
</UL>

<P><STRONG><a name="[1b5]"></a>_printf_ll</STRONG> (Thumb, 0 bytes, Stack size unknown bytes, D:\Keil_v5\ARM\ARMCC\Bin\..\lib\armlib\c_w.l(_printf_ll.o)(.ARM.Collect$$_printf_percent$$00000007))

<P><STRONG><a name="[93]"></a>_printf_i</STRONG> (Thumb, 0 bytes, Stack size unknown bytes, D:\Keil_v5\ARM\ARMCC\Bin\..\lib\armlib\c_w.l(_printf_i.o)(.ARM.Collect$$_printf_percent$$00000008))
<BR><BR>[Stack]<UL><LI>Max Depth = 72 + Unknown Stack Size
<LI>Call Chain = _printf_i &rArr; _printf_int_dec &rArr; _printf_int_common &rArr; _printf_post_padding
</UL>
<BR>[Calls]<UL><LI><a href="#[94]">&gt;&gt;</a>&nbsp;&nbsp;&nbsp;_printf_int_dec
</UL>

<P><STRONG><a name="[95]"></a>_printf_d</STRONG> (Thumb, 0 bytes, Stack size unknown bytes, D:\Keil_v5\ARM\ARMCC\Bin\..\lib\armlib\c_w.l(_printf_d.o)(.ARM.Collect$$_printf_percent$$00000009))
<BR><BR>[Stack]<UL><LI>Max Depth = 72 + Unknown Stack Size
<LI>Call Chain = _printf_d &rArr; _printf_int_dec &rArr; _printf_int_common &rArr; _printf_post_padding
</UL>
<BR>[Calls]<UL><LI><a href="#[94]">&gt;&gt;</a>&nbsp;&nbsp;&nbsp;_printf_int_dec
</UL>

<P><STRONG><a name="[96]"></a>_printf_u</STRONG> (Thumb, 0 bytes, Stack size unknown bytes, D:\Keil_v5\ARM\ARMCC\Bin\..\lib\armlib\c_w.l(_printf_u.o)(.ARM.Collect$$_printf_percent$$0000000A))
<BR><BR>[Stack]<UL><LI>Max Depth = 72 + Unknown Stack Size
<LI>Call Chain = _printf_u &rArr; _printf_int_dec &rArr; _printf_int_common &rArr; _printf_post_padding
</UL>
<BR>[Calls]<UL><LI><a href="#[94]">&gt;&gt;</a>&nbsp;&nbsp;&nbsp;_printf_int_dec
</UL>

<P><STRONG><a name="[97]"></a>_printf_o</STRONG> (Thumb, 0 bytes, Stack size unknown bytes, D:\Keil_v5\ARM\ARMCC\Bin\..\lib\armlib\c_w.l(_printf_o.o)(.ARM.Collect$$_printf_percent$$0000000B))
<BR><BR>[Stack]<UL><LI>Max Depth = 64 + Unknown Stack Size
<LI>Call Chain = _printf_o &rArr; _printf_int_oct &rArr; _printf_longlong_oct &rArr; _printf_int_common &rArr; _printf_post_padding
</UL>
<BR>[Calls]<UL><LI><a href="#[98]">&gt;&gt;</a>&nbsp;&nbsp;&nbsp;_printf_int_oct
</UL>

<P><STRONG><a name="[99]"></a>_printf_x</STRONG> (Thumb, 0 bytes, Stack size unknown bytes, D:\Keil_v5\ARM\ARMCC\Bin\..\lib\armlib\c_w.l(_printf_x.o)(.ARM.Collect$$_printf_percent$$0000000C))
<BR><BR>[Stack]<UL><LI>Max Depth = 80 + Unknown Stack Size
<LI>Call Chain = _printf_x &rArr; _printf_int_hex &rArr; _printf_longlong_hex &rArr; _printf_int_common &rArr; _printf_post_padding
</UL>
<BR>[Calls]<UL><LI><a href="#[9a]">&gt;&gt;</a>&nbsp;&nbsp;&nbsp;_printf_int_hex
</UL>

<P><STRONG><a name="[9b]"></a>_printf_lli</STRONG> (Thumb, 0 bytes, Stack size unknown bytes, D:\Keil_v5\ARM\ARMCC\Bin\..\lib\armlib\c_w.l(_printf_lli.o)(.ARM.Collect$$_printf_percent$$0000000D))
<BR><BR>[Stack]<UL><LI>Max Depth = 72 + Unknown Stack Size
<LI>Call Chain = _printf_lli &rArr; _printf_longlong_dec &rArr; _printf_int_common &rArr; _printf_post_padding
</UL>
<BR>[Calls]<UL><LI><a href="#[9c]">&gt;&gt;</a>&nbsp;&nbsp;&nbsp;_printf_longlong_dec
</UL>

<P><STRONG><a name="[9d]"></a>_printf_lld</STRONG> (Thumb, 0 bytes, Stack size unknown bytes, D:\Keil_v5\ARM\ARMCC\Bin\..\lib\armlib\c_w.l(_printf_lld.o)(.ARM.Collect$$_printf_percent$$0000000E))
<BR><BR>[Stack]<UL><LI>Max Depth = 72 + Unknown Stack Size
<LI>Call Chain = _printf_lld &rArr; _printf_longlong_dec &rArr; _printf_int_common &rArr; _printf_post_padding
</UL>
<BR>[Calls]<UL><LI><a href="#[9c]">&gt;&gt;</a>&nbsp;&nbsp;&nbsp;_printf_longlong_dec
</UL>

<P><STRONG><a name="[9e]"></a>_printf_llu</STRONG> (Thumb, 0 bytes, Stack size unknown bytes, D:\Keil_v5\ARM\ARMCC\Bin\..\lib\armlib\c_w.l(_printf_llu.o)(.ARM.Collect$$_printf_percent$$0000000F))
<BR><BR>[Stack]<UL><LI>Max Depth = 72 + Unknown Stack Size
<LI>Call Chain = _printf_llu &rArr; _printf_longlong_dec &rArr; _printf_int_common &rArr; _printf_post_padding
</UL>
<BR>[Calls]<UL><LI><a href="#[9c]">&gt;&gt;</a>&nbsp;&nbsp;&nbsp;_printf_longlong_dec
</UL>

<P><STRONG><a name="[9f]"></a>_printf_llo</STRONG> (Thumb, 0 bytes, Stack size unknown bytes, D:\Keil_v5\ARM\ARMCC\Bin\..\lib\armlib\c_w.l(_printf_llo.o)(.ARM.Collect$$_printf_percent$$00000010))
<BR><BR>[Stack]<UL><LI>Max Depth = 56 + Unknown Stack Size
<LI>Call Chain = _printf_llo &rArr; _printf_ll_oct &rArr; _printf_longlong_oct &rArr; _printf_int_common &rArr; _printf_post_padding
</UL>
<BR>[Calls]<UL><LI><a href="#[a0]">&gt;&gt;</a>&nbsp;&nbsp;&nbsp;_printf_ll_oct
</UL>

<P><STRONG><a name="[a1]"></a>_printf_llx</STRONG> (Thumb, 0 bytes, Stack size unknown bytes, D:\Keil_v5\ARM\ARMCC\Bin\..\lib\armlib\c_w.l(_printf_llx.o)(.ARM.Collect$$_printf_percent$$00000011))
<BR><BR>[Stack]<UL><LI>Max Depth = 64 + Unknown Stack Size
<LI>Call Chain = _printf_llx &rArr; _printf_ll_hex &rArr; _printf_longlong_hex &rArr; _printf_int_common &rArr; _printf_post_padding
</UL>
<BR>[Calls]<UL><LI><a href="#[a2]">&gt;&gt;</a>&nbsp;&nbsp;&nbsp;_printf_ll_hex
</UL>

<P><STRONG><a name="[1b6]"></a>_printf_l</STRONG> (Thumb, 0 bytes, Stack size unknown bytes, D:\Keil_v5\ARM\ARMCC\Bin\..\lib\armlib\c_w.l(_printf_l.o)(.ARM.Collect$$_printf_percent$$00000012))

<P><STRONG><a name="[a3]"></a>_printf_c</STRONG> (Thumb, 0 bytes, Stack size unknown bytes, D:\Keil_v5\ARM\ARMCC\Bin\..\lib\armlib\c_w.l(_printf_c.o)(.ARM.Collect$$_printf_percent$$00000013))
<BR><BR>[Stack]<UL><LI>Max Depth = 40 + Unknown Stack Size
<LI>Call Chain = _printf_c &rArr; _printf_char &rArr; _printf_cs_common &rArr; _printf_str &rArr; _printf_post_padding
</UL>
<BR>[Calls]<UL><LI><a href="#[a4]">&gt;&gt;</a>&nbsp;&nbsp;&nbsp;_printf_char
</UL>

<P><STRONG><a name="[a5]"></a>_printf_s</STRONG> (Thumb, 0 bytes, Stack size unknown bytes, D:\Keil_v5\ARM\ARMCC\Bin\..\lib\armlib\c_w.l(_printf_s.o)(.ARM.Collect$$_printf_percent$$00000014))
<BR><BR>[Stack]<UL><LI>Max Depth = 40 + Unknown Stack Size
<LI>Call Chain = _printf_s &rArr; _printf_string &rArr; _printf_cs_common &rArr; _printf_str &rArr; _printf_post_padding
</UL>
<BR>[Calls]<UL><LI><a href="#[a6]">&gt;&gt;</a>&nbsp;&nbsp;&nbsp;_printf_string
</UL>

<P><STRONG><a name="[a7]"></a>_printf_lc</STRONG> (Thumb, 0 bytes, Stack size unknown bytes, D:\Keil_v5\ARM\ARMCC\Bin\..\lib\armlib\c_w.l(_printf_lc.o)(.ARM.Collect$$_printf_percent$$00000015))
<BR><BR>[Stack]<UL><LI>Max Depth = 88 + Unknown Stack Size
<LI>Call Chain = _printf_lc &rArr; _printf_wchar &rArr; _printf_lcs_common &rArr; _printf_wctomb &rArr; _wcrtomb &rArr; __rt_ctype_table
</UL>
<BR>[Calls]<UL><LI><a href="#[a8]">&gt;&gt;</a>&nbsp;&nbsp;&nbsp;_printf_wchar
</UL>

<P><STRONG><a name="[a9]"></a>_printf_ls</STRONG> (Thumb, 0 bytes, Stack size unknown bytes, D:\Keil_v5\ARM\ARMCC\Bin\..\lib\armlib\c_w.l(_printf_ls.o)(.ARM.Collect$$_printf_percent$$00000016))
<BR><BR>[Stack]<UL><LI>Max Depth = 88 + Unknown Stack Size
<LI>Call Chain = _printf_ls &rArr; _printf_wstring &rArr; _printf_lcs_common &rArr; _printf_wctomb &rArr; _wcrtomb &rArr; __rt_ctype_table
</UL>
<BR>[Calls]<UL><LI><a href="#[aa]">&gt;&gt;</a>&nbsp;&nbsp;&nbsp;_printf_wstring
</UL>

<P><STRONG><a name="[1b7]"></a>_printf_percent_end</STRONG> (Thumb, 0 bytes, Stack size unknown bytes, D:\Keil_v5\ARM\ARMCC\Bin\..\lib\armlib\c_w.l(_printf_percent_end.o)(.ARM.Collect$$_printf_percent$$00000017))

<P><STRONG><a name="[ba]"></a>__rt_lib_init</STRONG> (Thumb, 0 bytes, Stack size unknown bytes, D:\Keil_v5\ARM\ARMCC\Bin\..\lib\armlib\c_w.l(libinit.o)(.ARM.Collect$$libinit$$00000000))
<BR><BR>[Called By]<UL><LI><a href="#[b9]">&gt;&gt;</a>&nbsp;&nbsp;&nbsp;__rt_entry_li
</UL>

<P><STRONG><a name="[1b8]"></a>__rt_lib_init_fp_1</STRONG> (Thumb, 0 bytes, Stack size unknown bytes, D:\Keil_v5\ARM\ARMCC\Bin\..\lib\armlib\c_w.l(libinit2.o)(.ARM.Collect$$libinit$$00000002))

<P><STRONG><a name="[ab]"></a>__rt_lib_init_heap_2</STRONG> (Thumb, 0 bytes, Stack size unknown bytes, D:\Keil_v5\ARM\ARMCC\Bin\..\lib\armlib\c_w.l(libinit2.o)(.ARM.Collect$$libinit$$00000005))
<BR><BR>[Stack]<UL><LI>Max Depth = 64 + Unknown Stack Size
<LI>Call Chain = __rt_lib_init_heap_2 &rArr; _init_alloc &rArr; __rt_SIGRTMEM &rArr; __rt_SIGRTMEM_inner &rArr; __default_signal_display &rArr; _ttywrch
</UL>
<BR>[Calls]<UL><LI><a href="#[ac]">&gt;&gt;</a>&nbsp;&nbsp;&nbsp;_init_alloc
</UL>

<P><STRONG><a name="[1b9]"></a>__rt_lib_init_preinit_1</STRONG> (Thumb, 0 bytes, Stack size unknown bytes, D:\Keil_v5\ARM\ARMCC\Bin\..\lib\armlib\c_w.l(libinit2.o)(.ARM.Collect$$libinit$$00000004))

<P><STRONG><a name="[1ba]"></a>__rt_lib_init_heap_1</STRONG> (Thumb, 0 bytes, Stack size unknown bytes, D:\Keil_v5\ARM\ARMCC\Bin\..\lib\armlib\c_w.l(libinit2.o)(.ARM.Collect$$libinit$$0000000A))

<P><STRONG><a name="[ad]"></a>__rt_lib_init_lc_common</STRONG> (Thumb, 0 bytes, Stack size unknown bytes, D:\Keil_v5\ARM\ARMCC\Bin\..\lib\armlib\c_w.l(libinit2.o)(.ARM.Collect$$libinit$$0000000F))
<BR><BR>[Calls]<UL><LI><a href="#[ae]">&gt;&gt;</a>&nbsp;&nbsp;&nbsp;__rt_locale
</UL>

<P><STRONG><a name="[1bb]"></a>__rt_lib_init_rand_1</STRONG> (Thumb, 0 bytes, Stack size unknown bytes, D:\Keil_v5\ARM\ARMCC\Bin\..\lib\armlib\c_w.l(libinit2.o)(.ARM.Collect$$libinit$$0000000E))

<P><STRONG><a name="[1bc]"></a>__rt_lib_init_user_alloc_1</STRONG> (Thumb, 0 bytes, Stack size unknown bytes, D:\Keil_v5\ARM\ARMCC\Bin\..\lib\armlib\c_w.l(libinit2.o)(.ARM.Collect$$libinit$$0000000C))

<P><STRONG><a name="[1bd]"></a>__rt_lib_init_lc_collate_1</STRONG> (Thumb, 0 bytes, Stack size unknown bytes, D:\Keil_v5\ARM\ARMCC\Bin\..\lib\armlib\c_w.l(libinit2.o)(.ARM.Collect$$libinit$$00000011))

<P><STRONG><a name="[af]"></a>__rt_lib_init_lc_ctype_2</STRONG> (Thumb, 0 bytes, Stack size unknown bytes, D:\Keil_v5\ARM\ARMCC\Bin\..\lib\armlib\c_w.l(libinit2.o)(.ARM.Collect$$libinit$$00000012))
<BR><BR>[Stack]<UL><LI>Max Depth = 8 + Unknown Stack Size
<LI>Call Chain = __rt_lib_init_lc_ctype_2 &rArr; _get_lc_ctype
</UL>
<BR>[Calls]<UL><LI><a href="#[5d]">&gt;&gt;</a>&nbsp;&nbsp;&nbsp;_get_lc_ctype
</UL>

<P><STRONG><a name="[1be]"></a>__rt_lib_init_lc_ctype_1</STRONG> (Thumb, 0 bytes, Stack size unknown bytes, D:\Keil_v5\ARM\ARMCC\Bin\..\lib\armlib\c_w.l(libinit2.o)(.ARM.Collect$$libinit$$00000013))

<P><STRONG><a name="[1bf]"></a>__rt_lib_init_lc_monetary_1</STRONG> (Thumb, 0 bytes, Stack size unknown bytes, D:\Keil_v5\ARM\ARMCC\Bin\..\lib\armlib\c_w.l(libinit2.o)(.ARM.Collect$$libinit$$00000015))

<P><STRONG><a name="[b0]"></a>__rt_lib_init_lc_numeric_2</STRONG> (Thumb, 0 bytes, Stack size unknown bytes, D:\Keil_v5\ARM\ARMCC\Bin\..\lib\armlib\c_w.l(libinit2.o)(.ARM.Collect$$libinit$$00000016))
<BR><BR>[Stack]<UL><LI>Max Depth = 8 + Unknown Stack Size
<LI>Call Chain = __rt_lib_init_lc_numeric_2 &rArr; _get_lc_numeric
</UL>
<BR>[Calls]<UL><LI><a href="#[b1]">&gt;&gt;</a>&nbsp;&nbsp;&nbsp;_get_lc_numeric
</UL>

<P><STRONG><a name="[1c0]"></a>__rt_lib_init_atexit_1</STRONG> (Thumb, 0 bytes, Stack size unknown bytes, D:\Keil_v5\ARM\ARMCC\Bin\..\lib\armlib\c_w.l(libinit2.o)(.ARM.Collect$$libinit$$0000001B))

<P><STRONG><a name="[1c1]"></a>__rt_lib_init_clock_1</STRONG> (Thumb, 0 bytes, Stack size unknown bytes, D:\Keil_v5\ARM\ARMCC\Bin\..\lib\armlib\c_w.l(libinit2.o)(.ARM.Collect$$libinit$$00000021))

<P><STRONG><a name="[1c2]"></a>__rt_lib_init_fp_trap_1</STRONG> (Thumb, 0 bytes, Stack size unknown bytes, D:\Keil_v5\ARM\ARMCC\Bin\..\lib\armlib\c_w.l(libinit2.o)(.ARM.Collect$$libinit$$0000001F))

<P><STRONG><a name="[1c3]"></a>__rt_lib_init_getenv_1</STRONG> (Thumb, 0 bytes, Stack size unknown bytes, D:\Keil_v5\ARM\ARMCC\Bin\..\lib\armlib\c_w.l(libinit2.o)(.ARM.Collect$$libinit$$00000023))

<P><STRONG><a name="[1c4]"></a>__rt_lib_init_lc_numeric_1</STRONG> (Thumb, 0 bytes, Stack size unknown bytes, D:\Keil_v5\ARM\ARMCC\Bin\..\lib\armlib\c_w.l(libinit2.o)(.ARM.Collect$$libinit$$00000017))

<P><STRONG><a name="[1c5]"></a>__rt_lib_init_lc_time_1</STRONG> (Thumb, 0 bytes, Stack size unknown bytes, D:\Keil_v5\ARM\ARMCC\Bin\..\lib\armlib\c_w.l(libinit2.o)(.ARM.Collect$$libinit$$00000019))

<P><STRONG><a name="[1c6]"></a>__rt_lib_init_signal_1</STRONG> (Thumb, 0 bytes, Stack size unknown bytes, D:\Keil_v5\ARM\ARMCC\Bin\..\lib\armlib\c_w.l(libinit2.o)(.ARM.Collect$$libinit$$0000001D))

<P><STRONG><a name="[b2]"></a>__rt_lib_init_stdio_2</STRONG> (Thumb, 0 bytes, Stack size unknown bytes, D:\Keil_v5\ARM\ARMCC\Bin\..\lib\armlib\c_w.l(libinit2.o)(.ARM.Collect$$libinit$$00000024))
<BR><BR>[Stack]<UL><LI>Max Depth = 736 + Unknown Stack Size
<LI>Call Chain = __rt_lib_init_stdio_2 &rArr; _initio &rArr; freopen &rArr; _sys_open &rArr; open &rArr; mbed::FilePath::FilePath(const char*) &rArr; mbed::FileBase::lookup(const char*, unsigned) &rArr; SingletonPtr&lang;PlatformMutex&rang;::operator -&rang;() const &rArr; SingletonPtr&lang;PlatformMutex&rang;::get() const &rArr; mbed_assert_internal &rArr; mbed_error &rArr; print_error_report &rArr; mbed_error_puts &rArr;  core_util_critical_section_exit (Cycle)
</UL>
<BR>[Calls]<UL><LI><a href="#[b3]">&gt;&gt;</a>&nbsp;&nbsp;&nbsp;_initio
</UL>

<P><STRONG><a name="[1c7]"></a>__rt_lib_init_alloca_1</STRONG> (Thumb, 0 bytes, Stack size unknown bytes, D:\Keil_v5\ARM\ARMCC\Bin\..\lib\armlib\c_w.l(libinit2.o)(.ARM.Collect$$libinit$$0000002E))

<P><STRONG><a name="[1c8]"></a>__rt_lib_init_argv_1</STRONG> (Thumb, 0 bytes, Stack size unknown bytes, D:\Keil_v5\ARM\ARMCC\Bin\..\lib\armlib\c_w.l(libinit2.o)(.ARM.Collect$$libinit$$0000002C))

<P><STRONG><a name="[b4]"></a>__rt_lib_init_cpp_2</STRONG> (Thumb, 0 bytes, Stack size unknown bytes, D:\Keil_v5\ARM\ARMCC\Bin\..\lib\armlib\c_w.l(libinit2.o)(.ARM.Collect$$libinit$$00000031))
<BR><BR>[Stack]<UL><LI>Max Depth = 16 + Unknown Stack Size
<LI>Call Chain = __rt_lib_init_cpp_2 &rArr; __cpp_initialize__aeabi_
</UL>
<BR>[Calls]<UL><LI><a href="#[84]">&gt;&gt;</a>&nbsp;&nbsp;&nbsp;__cpp_initialize__aeabi_
</UL>

<P><STRONG><a name="[1c9]"></a>__rt_lib_init_exceptions_1</STRONG> (Thumb, 0 bytes, Stack size unknown bytes, D:\Keil_v5\ARM\ARMCC\Bin\..\lib\armlib\c_w.l(libinit2.o)(.ARM.Collect$$libinit$$00000030))

<P><STRONG><a name="[1ca]"></a>__rt_lib_init_stdio_1</STRONG> (Thumb, 0 bytes, Stack size unknown bytes, D:\Keil_v5\ARM\ARMCC\Bin\..\lib\armlib\c_w.l(libinit2.o)(.ARM.Collect$$libinit$$00000025))

<P><STRONG><a name="[1cb]"></a>__rt_lib_init_cpp_1</STRONG> (Thumb, 0 bytes, Stack size unknown bytes, D:\Keil_v5\ARM\ARMCC\Bin\..\lib\armlib\c_w.l(libinit2.o)(.ARM.Collect$$libinit$$00000032))

<P><STRONG><a name="[1cc]"></a>__rt_lib_init_return</STRONG> (Thumb, 0 bytes, Stack size unknown bytes, D:\Keil_v5\ARM\ARMCC\Bin\..\lib\armlib\c_w.l(libinit2.o)(.ARM.Collect$$libinit$$00000033))

<P><STRONG><a name="[86]"></a>__rt_entry</STRONG> (Thumb, 0 bytes, Stack size unknown bytes, D:\Keil_v5\ARM\ARMCC\Bin\..\lib\armlib\c_w.l(__rtentry.o)(.ARM.Collect$$rtentry$$00000000))
<BR><BR>[Called By]<UL><LI><a href="#[83]">&gt;&gt;</a>&nbsp;&nbsp;&nbsp;__main
<LI><a href="#[87]">&gt;&gt;</a>&nbsp;&nbsp;&nbsp;__scatterload_rt2
</UL>

<P><STRONG><a name="[1cd]"></a>__rt_entry_presh_1</STRONG> (Thumb, 0 bytes, Stack size unknown bytes, D:\Keil_v5\ARM\ARMCC\Bin\..\lib\armlib\c_w.l(__rtentry2.o)(.ARM.Collect$$rtentry$$00000002))

<P><STRONG><a name="[b5]"></a>__rt_entry_sh</STRONG> (Thumb, 0 bytes, Stack size unknown bytes, D:\Keil_v5\ARM\ARMCC\Bin\..\lib\armlib\c_w.l(__rtentry4.o)(.ARM.Collect$$rtentry$$00000004))
<BR><BR>[Stack]<UL><LI>Max Depth = 80 + Unknown Stack Size
<LI>Call Chain = __rt_entry_sh &rArr; __user_setup_stackheap &rArr; _mbed_user_setup_stackheap
</UL>
<BR>[Calls]<UL><LI><a href="#[b6]">&gt;&gt;</a>&nbsp;&nbsp;&nbsp;__user_setup_stackheap
</UL>

<P><STRONG><a name="[1ce]"></a>__rt_lib_shutdown_stdio_2</STRONG> (Thumb, 0 bytes, Stack size unknown bytes, D:\Keil_v5\ARM\ARMCC\Bin\..\lib\armlib\c_w.l(libshutdown2.o)(.ARM.Collect$$libshutdown$$00000004))

<P><STRONG><a name="[b7]"></a>__rt_entry_postsh_1</STRONG> (Thumb, 0 bytes, Stack size unknown bytes, D:\Keil_v5\ARM\ARMCC\Bin\..\lib\armlib\c_w.l(__rtentry2.o)(.ARM.Collect$$rtentry$$00000008))
<BR><BR>[Stack]<UL><LI>Max Depth = 392 + Unknown Stack Size
<LI>Call Chain = __rt_entry_postsh_1 &rArr; _platform_post_stackheap_init &rArr; mbed_sdk_init &rArr; SetSysClock &rArr; SetSysClock_PLL_HSE &rArr; HAL_RCC_OscConfig &rArr; HAL_GetTick &rArr; ticker_read_us &rArr;  core_util_critical_section_exit (Cycle)
</UL>
<BR>[Calls]<UL><LI><a href="#[b8]">&gt;&gt;</a>&nbsp;&nbsp;&nbsp;_platform_post_stackheap_init
</UL>

<P><STRONG><a name="[b9]"></a>__rt_entry_li</STRONG> (Thumb, 0 bytes, Stack size unknown bytes, D:\Keil_v5\ARM\ARMCC\Bin\..\lib\armlib\c_w.l(__rtentry2.o)(.ARM.Collect$$rtentry$$0000000A))
<BR><BR>[Calls]<UL><LI><a href="#[ba]">&gt;&gt;</a>&nbsp;&nbsp;&nbsp;__rt_lib_init
</UL>

<P><STRONG><a name="[bb]"></a>__rt_entry_main</STRONG> (Thumb, 0 bytes, Stack size unknown bytes, D:\Keil_v5\ARM\ARMCC\Bin\..\lib\armlib\c_w.l(__rtentry2.o)(.ARM.Collect$$rtentry$$0000000D))
<BR><BR>[Stack]<UL><LI>Max Depth = 736 + Unknown Stack Size
<LI>Call Chain = __rt_entry_main &rArr; main &rArr; $Super$$main &rArr; mbed::Ticker::attach_us(mbed::Callback&lang;void()&rang;, unsigned long long) &rArr; mbed::Ticker::setup(unsigned long long) &rArr; mbed::TimerEvent::insert_absolute(unsigned long long) &rArr; ticker_insert_event_us &rArr; core_util_critical_section_exit &rArr; hal_critical_section_exit &rArr; mbed_assert_internal &rArr; mbed_error &rArr; print_error_report &rArr; mbed_error_puts &rArr;  core_util_critical_section_exit (Cycle)
</UL>
<BR>[Calls]<UL><LI><a href="#[bd]">&gt;&gt;</a>&nbsp;&nbsp;&nbsp;exit
<LI><a href="#[bc]">&gt;&gt;</a>&nbsp;&nbsp;&nbsp;main
</UL>

<P><STRONG><a name="[1cf]"></a>__rt_entry_postli_1</STRONG> (Thumb, 0 bytes, Stack size unknown bytes, D:\Keil_v5\ARM\ARMCC\Bin\..\lib\armlib\c_w.l(__rtentry2.o)(.ARM.Collect$$rtentry$$0000000C))

<P><STRONG><a name="[12]"></a>Reset_Handler</STRONG> (Thumb, 8 bytes, Stack size 0 bytes, .\build\startup_stm32f103xe.o(.text))
<BR>[Address Reference Count : 1]<UL><LI> startup_stm32f103xe.o(RESET)
</UL>
<P><STRONG><a name="[1d0]"></a>_maybe_terminate_alloc</STRONG> (Thumb, 0 bytes, Stack size 0 bytes, D:\Keil_v5\ARM\ARMCC\Bin\..\lib\armlib\c_w.l(maybetermalloc1.o)(.emb_text), UNUSED)

<P><STRONG><a name="[13]"></a>NMI_Handler</STRONG> (Thumb, 2 bytes, Stack size 0 bytes, .\build\startup_stm32f103xe.o(.text))
<BR><BR>[Calls]<UL><LI><a href="#[13]">&gt;&gt;</a>&nbsp;&nbsp;&nbsp;NMI_Handler
</UL>
<BR>[Called By]<UL><LI><a href="#[13]">&gt;&gt;</a>&nbsp;&nbsp;&nbsp;NMI_Handler
</UL>
<BR>[Address Reference Count : 1]<UL><LI> startup_stm32f103xe.o(RESET)
</UL>
<P><STRONG><a name="[14]"></a>HardFault_Handler</STRONG> (Thumb, 2 bytes, Stack size 0 bytes, .\build\startup_stm32f103xe.o(.text))
<BR><BR>[Calls]<UL><LI><a href="#[14]">&gt;&gt;</a>&nbsp;&nbsp;&nbsp;HardFault_Handler
</UL>
<BR>[Called By]<UL><LI><a href="#[14]">&gt;&gt;</a>&nbsp;&nbsp;&nbsp;HardFault_Handler
</UL>
<BR>[Address Reference Count : 1]<UL><LI> startup_stm32f103xe.o(RESET)
</UL>
<P><STRONG><a name="[15]"></a>MemManage_Handler</STRONG> (Thumb, 2 bytes, Stack size 0 bytes, .\build\startup_stm32f103xe.o(.text))
<BR><BR>[Calls]<UL><LI><a href="#[15]">&gt;&gt;</a>&nbsp;&nbsp;&nbsp;MemManage_Handler
</UL>
<BR>[Called By]<UL><LI><a href="#[15]">&gt;&gt;</a>&nbsp;&nbsp;&nbsp;MemManage_Handler
</UL>
<BR>[Address Reference Count : 1]<UL><LI> startup_stm32f103xe.o(RESET)
</UL>
<P><STRONG><a name="[16]"></a>BusFault_Handler</STRONG> (Thumb, 2 bytes, Stack size 0 bytes, .\build\startup_stm32f103xe.o(.text))
<BR><BR>[Calls]<UL><LI><a href="#[16]">&gt;&gt;</a>&nbsp;&nbsp;&nbsp;BusFault_Handler
</UL>
<BR>[Called By]<UL><LI><a href="#[16]">&gt;&gt;</a>&nbsp;&nbsp;&nbsp;BusFault_Handler
</UL>
<BR>[Address Reference Count : 1]<UL><LI> startup_stm32f103xe.o(RESET)
</UL>
<P><STRONG><a name="[17]"></a>UsageFault_Handler</STRONG> (Thumb, 2 bytes, Stack size 0 bytes, .\build\startup_stm32f103xe.o(.text))
<BR><BR>[Calls]<UL><LI><a href="#[17]">&gt;&gt;</a>&nbsp;&nbsp;&nbsp;UsageFault_Handler
</UL>
<BR>[Called By]<UL><LI><a href="#[17]">&gt;&gt;</a>&nbsp;&nbsp;&nbsp;UsageFault_Handler
</UL>
<BR>[Address Reference Count : 1]<UL><LI> startup_stm32f103xe.o(RESET)
</UL>
<P><STRONG><a name="[18]"></a>SVC_Handler</STRONG> (Thumb, 2 bytes, Stack size 0 bytes, .\build\startup_stm32f103xe.o(.text))
<BR><BR>[Calls]<UL><LI><a href="#[18]">&gt;&gt;</a>&nbsp;&nbsp;&nbsp;SVC_Handler
</UL>
<BR>[Called By]<UL><LI><a href="#[18]">&gt;&gt;</a>&nbsp;&nbsp;&nbsp;SVC_Handler
</UL>
<BR>[Address Reference Count : 1]<UL><LI> startup_stm32f103xe.o(RESET)
</UL>
<P><STRONG><a name="[19]"></a>DebugMon_Handler</STRONG> (Thumb, 2 bytes, Stack size 0 bytes, .\build\startup_stm32f103xe.o(.text))
<BR><BR>[Calls]<UL><LI><a href="#[19]">&gt;&gt;</a>&nbsp;&nbsp;&nbsp;DebugMon_Handler
</UL>
<BR>[Called By]<UL><LI><a href="#[19]">&gt;&gt;</a>&nbsp;&nbsp;&nbsp;DebugMon_Handler
</UL>
<BR>[Address Reference Count : 1]<UL><LI> startup_stm32f103xe.o(RESET)
</UL>
<P><STRONG><a name="[1a]"></a>PendSV_Handler</STRONG> (Thumb, 2 bytes, Stack size 0 bytes, .\build\startup_stm32f103xe.o(.text))
<BR><BR>[Calls]<UL><LI><a href="#[1a]">&gt;&gt;</a>&nbsp;&nbsp;&nbsp;PendSV_Handler
</UL>
<BR>[Called By]<UL><LI><a href="#[1a]">&gt;&gt;</a>&nbsp;&nbsp;&nbsp;PendSV_Handler
</UL>
<BR>[Address Reference Count : 1]<UL><LI> startup_stm32f103xe.o(RESET)
</UL>
<P><STRONG><a name="[1b]"></a>SysTick_Handler</STRONG> (Thumb, 2 bytes, Stack size 0 bytes, .\build\startup_stm32f103xe.o(.text))
<BR><BR>[Calls]<UL><LI><a href="#[1b]">&gt;&gt;</a>&nbsp;&nbsp;&nbsp;SysTick_Handler
</UL>
<BR>[Called By]<UL><LI><a href="#[1b]">&gt;&gt;</a>&nbsp;&nbsp;&nbsp;SysTick_Handler
</UL>
<BR>[Address Reference Count : 1]<UL><LI> startup_stm32f103xe.o(RESET)
</UL>
<P><STRONG><a name="[2e]"></a>ADC1_2_IRQHandler</STRONG> (Thumb, 0 bytes, Stack size 0 bytes, .\build\startup_stm32f103xe.o(.text))
<BR><BR>[Calls]<UL><LI><a href="#[2e]">&gt;&gt;</a>&nbsp;&nbsp;&nbsp;ADC1_2_IRQHandler
</UL>
<BR>[Called By]<UL><LI><a href="#[2e]">&gt;&gt;</a>&nbsp;&nbsp;&nbsp;ADC1_2_IRQHandler
</UL>
<BR>[Address Reference Count : 1]<UL><LI> startup_stm32f103xe.o(RESET)
</UL>
<P><STRONG><a name="[4b]"></a>ADC3_IRQHandler</STRONG> (Thumb, 0 bytes, Stack size 0 bytes, .\build\startup_stm32f103xe.o(.text))
<BR>[Address Reference Count : 1]<UL><LI> startup_stm32f103xe.o(RESET)
</UL>
<P><STRONG><a name="[31]"></a>CAN1_RX1_IRQHandler</STRONG> (Thumb, 0 bytes, Stack size 0 bytes, .\build\startup_stm32f103xe.o(.text))
<BR>[Address Reference Count : 1]<UL><LI> startup_stm32f103xe.o(RESET)
</UL>
<P><STRONG><a name="[27]"></a>DMA1_Channel1_IRQHandler</STRONG> (Thumb, 0 bytes, Stack size 0 bytes, .\build\startup_stm32f103xe.o(.text))
<BR>[Address Reference Count : 1]<UL><LI> startup_stm32f103xe.o(RESET)
</UL>
<P><STRONG><a name="[28]"></a>DMA1_Channel2_IRQHandler</STRONG> (Thumb, 0 bytes, Stack size 0 bytes, .\build\startup_stm32f103xe.o(.text))
<BR>[Address Reference Count : 1]<UL><LI> startup_stm32f103xe.o(RESET)
</UL>
<P><STRONG><a name="[29]"></a>DMA1_Channel3_IRQHandler</STRONG> (Thumb, 0 bytes, Stack size 0 bytes, .\build\startup_stm32f103xe.o(.text))
<BR>[Address Reference Count : 1]<UL><LI> startup_stm32f103xe.o(RESET)
</UL>
<P><STRONG><a name="[2a]"></a>DMA1_Channel4_IRQHandler</STRONG> (Thumb, 0 bytes, Stack size 0 bytes, .\build\startup_stm32f103xe.o(.text))
<BR>[Address Reference Count : 1]<UL><LI> startup_stm32f103xe.o(RESET)
</UL>
<P><STRONG><a name="[2b]"></a>DMA1_Channel5_IRQHandler</STRONG> (Thumb, 0 bytes, Stack size 0 bytes, .\build\startup_stm32f103xe.o(.text))
<BR>[Address Reference Count : 1]<UL><LI> startup_stm32f103xe.o(RESET)
</UL>
<P><STRONG><a name="[2c]"></a>DMA1_Channel6_IRQHandler</STRONG> (Thumb, 0 bytes, Stack size 0 bytes, .\build\startup_stm32f103xe.o(.text))
<BR>[Address Reference Count : 1]<UL><LI> startup_stm32f103xe.o(RESET)
</UL>
<P><STRONG><a name="[2d]"></a>DMA1_Channel7_IRQHandler</STRONG> (Thumb, 0 bytes, Stack size 0 bytes, .\build\startup_stm32f103xe.o(.text))
<BR>[Address Reference Count : 1]<UL><LI> startup_stm32f103xe.o(RESET)
</UL>
<P><STRONG><a name="[54]"></a>DMA2_Channel1_IRQHandler</STRONG> (Thumb, 0 bytes, Stack size 0 bytes, .\build\startup_stm32f103xe.o(.text))
<BR>[Address Reference Count : 1]<UL><LI> startup_stm32f103xe.o(RESET)
</UL>
<P><STRONG><a name="[55]"></a>DMA2_Channel2_IRQHandler</STRONG> (Thumb, 0 bytes, Stack size 0 bytes, .\build\startup_stm32f103xe.o(.text))
<BR>[Address Reference Count : 1]<UL><LI> startup_stm32f103xe.o(RESET)
</UL>
<P><STRONG><a name="[56]"></a>DMA2_Channel3_IRQHandler</STRONG> (Thumb, 0 bytes, Stack size 0 bytes, .\build\startup_stm32f103xe.o(.text))
<BR>[Address Reference Count : 1]<UL><LI> startup_stm32f103xe.o(RESET)
</UL>
<P><STRONG><a name="[57]"></a>DMA2_Channel4_5_IRQHandler</STRONG> (Thumb, 0 bytes, Stack size 0 bytes, .\build\startup_stm32f103xe.o(.text))
<BR>[Address Reference Count : 1]<UL><LI> startup_stm32f103xe.o(RESET)
</UL>
<P><STRONG><a name="[22]"></a>EXTI0_IRQHandler</STRONG> (Thumb, 0 bytes, Stack size 0 bytes, .\build\startup_stm32f103xe.o(.text))
<BR>[Address Reference Count : 1]<UL><LI> startup_stm32f103xe.o(RESET)
</UL>
<P><STRONG><a name="[44]"></a>EXTI15_10_IRQHandler</STRONG> (Thumb, 0 bytes, Stack size 0 bytes, .\build\startup_stm32f103xe.o(.text))
<BR>[Address Reference Count : 1]<UL><LI> startup_stm32f103xe.o(RESET)
</UL>
<P><STRONG><a name="[23]"></a>EXTI1_IRQHandler</STRONG> (Thumb, 0 bytes, Stack size 0 bytes, .\build\startup_stm32f103xe.o(.text))
<BR>[Address Reference Count : 1]<UL><LI> startup_stm32f103xe.o(RESET)
</UL>
<P><STRONG><a name="[24]"></a>EXTI2_IRQHandler</STRONG> (Thumb, 0 bytes, Stack size 0 bytes, .\build\startup_stm32f103xe.o(.text))
<BR>[Address Reference Count : 1]<UL><LI> startup_stm32f103xe.o(RESET)
</UL>
<P><STRONG><a name="[25]"></a>EXTI3_IRQHandler</STRONG> (Thumb, 0 bytes, Stack size 0 bytes, .\build\startup_stm32f103xe.o(.text))
<BR>[Address Reference Count : 1]<UL><LI> startup_stm32f103xe.o(RESET)
</UL>
<P><STRONG><a name="[26]"></a>EXTI4_IRQHandler</STRONG> (Thumb, 0 bytes, Stack size 0 bytes, .\build\startup_stm32f103xe.o(.text))
<BR>[Address Reference Count : 1]<UL><LI> startup_stm32f103xe.o(RESET)
</UL>
<P><STRONG><a name="[33]"></a>EXTI9_5_IRQHandler</STRONG> (Thumb, 0 bytes, Stack size 0 bytes, .\build\startup_stm32f103xe.o(.text))
<BR>[Address Reference Count : 1]<UL><LI> startup_stm32f103xe.o(RESET)
</UL>
<P><STRONG><a name="[20]"></a>FLASH_IRQHandler</STRONG> (Thumb, 0 bytes, Stack size 0 bytes, .\build\startup_stm32f103xe.o(.text))
<BR>[Address Reference Count : 1]<UL><LI> startup_stm32f103xe.o(RESET)
</UL>
<P><STRONG><a name="[4c]"></a>FSMC_IRQHandler</STRONG> (Thumb, 0 bytes, Stack size 0 bytes, .\build\startup_stm32f103xe.o(.text))
<BR>[Address Reference Count : 1]<UL><LI> startup_stm32f103xe.o(RESET)
</UL>
<P><STRONG><a name="[3c]"></a>I2C1_ER_IRQHandler</STRONG> (Thumb, 0 bytes, Stack size 0 bytes, .\build\startup_stm32f103xe.o(.text))
<BR>[Address Reference Count : 1]<UL><LI> startup_stm32f103xe.o(RESET)
</UL>
<P><STRONG><a name="[3b]"></a>I2C1_EV_IRQHandler</STRONG> (Thumb, 0 bytes, Stack size 0 bytes, .\build\startup_stm32f103xe.o(.text))
<BR>[Address Reference Count : 1]<UL><LI> startup_stm32f103xe.o(RESET)
</UL>
<P><STRONG><a name="[3e]"></a>I2C2_ER_IRQHandler</STRONG> (Thumb, 0 bytes, Stack size 0 bytes, .\build\startup_stm32f103xe.o(.text))
<BR>[Address Reference Count : 1]<UL><LI> startup_stm32f103xe.o(RESET)
</UL>
<P><STRONG><a name="[3d]"></a>I2C2_EV_IRQHandler</STRONG> (Thumb, 0 bytes, Stack size 0 bytes, .\build\startup_stm32f103xe.o(.text))
<BR>[Address Reference Count : 1]<UL><LI> startup_stm32f103xe.o(RESET)
</UL>
<P><STRONG><a name="[1d]"></a>PVD_IRQHandler</STRONG> (Thumb, 0 bytes, Stack size 0 bytes, .\build\startup_stm32f103xe.o(.text))
<BR>[Address Reference Count : 1]<UL><LI> startup_stm32f103xe.o(RESET)
</UL>
<P><STRONG><a name="[21]"></a>RCC_IRQHandler</STRONG> (Thumb, 0 bytes, Stack size 0 bytes, .\build\startup_stm32f103xe.o(.text))
<BR>[Address Reference Count : 1]<UL><LI> startup_stm32f103xe.o(RESET)
</UL>
<P><STRONG><a name="[45]"></a>RTC_Alarm_IRQHandler</STRONG> (Thumb, 0 bytes, Stack size 0 bytes, .\build\startup_stm32f103xe.o(.text))
<BR>[Address Reference Count : 1]<UL><LI> startup_stm32f103xe.o(RESET)
</UL>
<P><STRONG><a name="[1f]"></a>RTC_IRQHandler</STRONG> (Thumb, 0 bytes, Stack size 0 bytes, .\build\startup_stm32f103xe.o(.text))
<BR>[Address Reference Count : 1]<UL><LI> startup_stm32f103xe.o(RESET)
</UL>
<P><STRONG><a name="[4d]"></a>SDIO_IRQHandler</STRONG> (Thumb, 0 bytes, Stack size 0 bytes, .\build\startup_stm32f103xe.o(.text))
<BR>[Address Reference Count : 1]<UL><LI> startup_stm32f103xe.o(RESET)
</UL>
<P><STRONG><a name="[3f]"></a>SPI1_IRQHandler</STRONG> (Thumb, 0 bytes, Stack size 0 bytes, .\build\startup_stm32f103xe.o(.text))
<BR>[Address Reference Count : 1]<UL><LI> startup_stm32f103xe.o(RESET)
</UL>
<P><STRONG><a name="[40]"></a>SPI2_IRQHandler</STRONG> (Thumb, 0 bytes, Stack size 0 bytes, .\build\startup_stm32f103xe.o(.text))
<BR>[Address Reference Count : 1]<UL><LI> startup_stm32f103xe.o(RESET)
</UL>
<P><STRONG><a name="[4f]"></a>SPI3_IRQHandler</STRONG> (Thumb, 0 bytes, Stack size 0 bytes, .\build\startup_stm32f103xe.o(.text))
<BR>[Address Reference Count : 1]<UL><LI> startup_stm32f103xe.o(RESET)
</UL>
<P><STRONG><a name="[1e]"></a>TAMPER_IRQHandler</STRONG> (Thumb, 0 bytes, Stack size 0 bytes, .\build\startup_stm32f103xe.o(.text))
<BR>[Address Reference Count : 1]<UL><LI> startup_stm32f103xe.o(RESET)
</UL>
<P><STRONG><a name="[34]"></a>TIM1_BRK_IRQHandler</STRONG> (Thumb, 0 bytes, Stack size 0 bytes, .\build\startup_stm32f103xe.o(.text))
<BR>[Address Reference Count : 1]<UL><LI> startup_stm32f103xe.o(RESET)
</UL>
<P><STRONG><a name="[37]"></a>TIM1_CC_IRQHandler</STRONG> (Thumb, 0 bytes, Stack size 0 bytes, .\build\startup_stm32f103xe.o(.text))
<BR>[Address Reference Count : 1]<UL><LI> startup_stm32f103xe.o(RESET)
</UL>
<P><STRONG><a name="[36]"></a>TIM1_TRG_COM_IRQHandler</STRONG> (Thumb, 0 bytes, Stack size 0 bytes, .\build\startup_stm32f103xe.o(.text))
<BR>[Address Reference Count : 1]<UL><LI> startup_stm32f103xe.o(RESET)
</UL>
<P><STRONG><a name="[35]"></a>TIM1_UP_IRQHandler</STRONG> (Thumb, 0 bytes, Stack size 0 bytes, .\build\startup_stm32f103xe.o(.text))
<BR>[Address Reference Count : 1]<UL><LI> startup_stm32f103xe.o(RESET)
</UL>
<P><STRONG><a name="[38]"></a>TIM2_IRQHandler</STRONG> (Thumb, 0 bytes, Stack size 0 bytes, .\build\startup_stm32f103xe.o(.text))
<BR>[Address Reference Count : 1]<UL><LI> startup_stm32f103xe.o(RESET)
</UL>
<P><STRONG><a name="[39]"></a>TIM3_IRQHandler</STRONG> (Thumb, 0 bytes, Stack size 0 bytes, .\build\startup_stm32f103xe.o(.text))
<BR>[Address Reference Count : 1]<UL><LI> startup_stm32f103xe.o(RESET)
</UL>
<P><STRONG><a name="[3a]"></a>TIM4_IRQHandler</STRONG> (Thumb, 0 bytes, Stack size 0 bytes, .\build\startup_stm32f103xe.o(.text))
<BR>[Address Reference Count : 1]<UL><LI> startup_stm32f103xe.o(RESET)
</UL>
<P><STRONG><a name="[4e]"></a>TIM5_IRQHandler</STRONG> (Thumb, 0 bytes, Stack size 0 bytes, .\build\startup_stm32f103xe.o(.text))
<BR>[Address Reference Count : 1]<UL><LI> startup_stm32f103xe.o(RESET)
</UL>
<P><STRONG><a name="[52]"></a>TIM6_IRQHandler</STRONG> (Thumb, 0 bytes, Stack size 0 bytes, .\build\startup_stm32f103xe.o(.text))
<BR>[Address Reference Count : 1]<UL><LI> startup_stm32f103xe.o(RESET)
</UL>
<P><STRONG><a name="[53]"></a>TIM7_IRQHandler</STRONG> (Thumb, 0 bytes, Stack size 0 bytes, .\build\startup_stm32f103xe.o(.text))
<BR>[Address Reference Count : 1]<UL><LI> startup_stm32f103xe.o(RESET)
</UL>
<P><STRONG><a name="[47]"></a>TIM8_BRK_IRQHandler</STRONG> (Thumb, 0 bytes, Stack size 0 bytes, .\build\startup_stm32f103xe.o(.text))
<BR>[Address Reference Count : 1]<UL><LI> startup_stm32f103xe.o(RESET)
</UL>
<P><STRONG><a name="[4a]"></a>TIM8_CC_IRQHandler</STRONG> (Thumb, 0 bytes, Stack size 0 bytes, .\build\startup_stm32f103xe.o(.text))
<BR>[Address Reference Count : 1]<UL><LI> startup_stm32f103xe.o(RESET)
</UL>
<P><STRONG><a name="[49]"></a>TIM8_TRG_COM_IRQHandler</STRONG> (Thumb, 0 bytes, Stack size 0 bytes, .\build\startup_stm32f103xe.o(.text))
<BR>[Address Reference Count : 1]<UL><LI> startup_stm32f103xe.o(RESET)
</UL>
<P><STRONG><a name="[48]"></a>TIM8_UP_IRQHandler</STRONG> (Thumb, 0 bytes, Stack size 0 bytes, .\build\startup_stm32f103xe.o(.text))
<BR>[Address Reference Count : 1]<UL><LI> startup_stm32f103xe.o(RESET)
</UL>
<P><STRONG><a name="[50]"></a>UART4_IRQHandler</STRONG> (Thumb, 0 bytes, Stack size 0 bytes, .\build\startup_stm32f103xe.o(.text))
<BR>[Address Reference Count : 1]<UL><LI> startup_stm32f103xe.o(RESET)
</UL>
<P><STRONG><a name="[51]"></a>UART5_IRQHandler</STRONG> (Thumb, 0 bytes, Stack size 0 bytes, .\build\startup_stm32f103xe.o(.text))
<BR>[Address Reference Count : 1]<UL><LI> startup_stm32f103xe.o(RESET)
</UL>
<P><STRONG><a name="[41]"></a>USART1_IRQHandler</STRONG> (Thumb, 0 bytes, Stack size 0 bytes, .\build\startup_stm32f103xe.o(.text))
<BR>[Address Reference Count : 1]<UL><LI> startup_stm32f103xe.o(RESET)
</UL>
<P><STRONG><a name="[42]"></a>USART2_IRQHandler</STRONG> (Thumb, 0 bytes, Stack size 0 bytes, .\build\startup_stm32f103xe.o(.text))
<BR>[Address Reference Count : 1]<UL><LI> startup_stm32f103xe.o(RESET)
</UL>
<P><STRONG><a name="[43]"></a>USART3_IRQHandler</STRONG> (Thumb, 0 bytes, Stack size 0 bytes, .\build\startup_stm32f103xe.o(.text))
<BR>[Address Reference Count : 1]<UL><LI> startup_stm32f103xe.o(RESET)
</UL>
<P><STRONG><a name="[46]"></a>USBWakeUp_IRQHandler</STRONG> (Thumb, 0 bytes, Stack size 0 bytes, .\build\startup_stm32f103xe.o(.text))
<BR>[Address Reference Count : 1]<UL><LI> startup_stm32f103xe.o(RESET)
</UL>
<P><STRONG><a name="[1c]"></a>WWDG_IRQHandler</STRONG> (Thumb, 0 bytes, Stack size 0 bytes, .\build\startup_stm32f103xe.o(.text))
<BR>[Address Reference Count : 1]<UL><LI> startup_stm32f103xe.o(RESET)
</UL>
<P><STRONG><a name="[ed]"></a>__aeabi_errno_addr</STRONG> (Thumb, 8 bytes, Stack size 0 bytes, D:\Keil_v5\ARM\ARMCC\Bin\..\lib\armlib\c_w.l(rt_errno_addr.o)(.text))
<BR><BR>[Called By]<UL><LI><a href="#[16d]">&gt;&gt;</a>&nbsp;&nbsp;&nbsp;write
<LI><a href="#[136]">&gt;&gt;</a>&nbsp;&nbsp;&nbsp;reserve_filehandle()
<LI><a href="#[135]">&gt;&gt;</a>&nbsp;&nbsp;&nbsp;handle_open_errors(int, unsigned)
<LI><a href="#[16b]">&gt;&gt;</a>&nbsp;&nbsp;&nbsp;lseek
<LI><a href="#[168]">&gt;&gt;</a>&nbsp;&nbsp;&nbsp;isatty
<LI><a href="#[179]">&gt;&gt;</a>&nbsp;&nbsp;&nbsp;fsync
<LI><a href="#[167]">&gt;&gt;</a>&nbsp;&nbsp;&nbsp;close
<LI><a href="#[ef]">&gt;&gt;</a>&nbsp;&nbsp;&nbsp;_sys_write
<LI><a href="#[d4]">&gt;&gt;</a>&nbsp;&nbsp;&nbsp;_sys_flen
<LI><a href="#[d3]">&gt;&gt;</a>&nbsp;&nbsp;&nbsp;_ftell_internal
</UL>

<P><STRONG><a name="[1d1]"></a>__errno</STRONG> (Thumb, 0 bytes, Stack size 0 bytes, D:\Keil_v5\ARM\ARMCC\Bin\..\lib\armlib\c_w.l(rt_errno_addr.o)(.text), UNUSED)

<P><STRONG><a name="[1d2]"></a>__rt_errno_addr</STRONG> (Thumb, 0 bytes, Stack size 0 bytes, D:\Keil_v5\ARM\ARMCC\Bin\..\lib\armlib\c_w.l(rt_errno_addr.o)(.text), UNUSED)

<P><STRONG><a name="[be]"></a>malloc</STRONG> (Thumb, 94 bytes, Stack size 16 bytes, D:\Keil_v5\ARM\ARMCC\Bin\..\lib\armlib\c_w.l(h1_alloc.o)(.text), UNUSED)
<BR><BR>[Calls]<UL><LI><a href="#[c0]">&gt;&gt;</a>&nbsp;&nbsp;&nbsp;__Heap_Full
<LI><a href="#[bf]">&gt;&gt;</a>&nbsp;&nbsp;&nbsp;__rt_heap_descriptor
</UL>
<BR>[Called By]<UL><LI><a href="#[ea]">&gt;&gt;</a>&nbsp;&nbsp;&nbsp;__flsbuf
<LI><a href="#[d9]">&gt;&gt;</a>&nbsp;&nbsp;&nbsp;fopen
</UL>

<P><STRONG><a name="[c1]"></a>free</STRONG> (Thumb, 78 bytes, Stack size 16 bytes, D:\Keil_v5\ARM\ARMCC\Bin\..\lib\armlib\c_w.l(h1_free.o)(.text))
<BR><BR>[Stack]<UL><LI>Max Depth = 16<LI>Call Chain = free
</UL>
<BR>[Calls]<UL><LI><a href="#[bf]">&gt;&gt;</a>&nbsp;&nbsp;&nbsp;__rt_heap_descriptor
</UL>
<BR>[Called By]<UL><LI><a href="#[f2]">&gt;&gt;</a>&nbsp;&nbsp;&nbsp;_terminateio
<LI><a href="#[d7]">&gt;&gt;</a>&nbsp;&nbsp;&nbsp;_fclose_internal
<LI><a href="#[dd]">&gt;&gt;</a>&nbsp;&nbsp;&nbsp;__Heap_ProvideMemory
</UL>

<P><STRONG><a name="[170]"></a>__aeabi_uldivmod</STRONG> (Thumb, 0 bytes, Stack size 48 bytes, D:\Keil_v5\ARM\ARMCC\Bin\..\lib\armlib\c_w.l(lludivv7m.o)(.text))
<BR><BR>[Stack]<UL><LI>Max Depth = 48<LI>Call Chain = __aeabi_uldivmod
</UL>
<BR>[Called By]<UL><LI><a href="#[187]">&gt;&gt;</a>&nbsp;&nbsp;&nbsp;update_present_time
<LI><a href="#[186]">&gt;&gt;</a>&nbsp;&nbsp;&nbsp;initialize
<LI><a href="#[16e]">&gt;&gt;</a>&nbsp;&nbsp;&nbsp;compute_tick_round_up
</UL>

<P><STRONG><a name="[1d3]"></a>_ll_udiv</STRONG> (Thumb, 238 bytes, Stack size 48 bytes, D:\Keil_v5\ARM\ARMCC\Bin\..\lib\armlib\c_w.l(lludivv7m.o)(.text), UNUSED)

<P><STRONG><a name="[16f]"></a>__aeabi_llsl</STRONG> (Thumb, 0 bytes, Stack size 0 bytes, D:\Keil_v5\ARM\ARMCC\Bin\..\lib\armlib\c_w.l(llshl.o)(.text))
<BR><BR>[Called By]<UL><LI><a href="#[187]">&gt;&gt;</a>&nbsp;&nbsp;&nbsp;update_present_time
<LI><a href="#[186]">&gt;&gt;</a>&nbsp;&nbsp;&nbsp;initialize
<LI><a href="#[16e]">&gt;&gt;</a>&nbsp;&nbsp;&nbsp;compute_tick_round_up
</UL>

<P><STRONG><a name="[1d4]"></a>_ll_shift_l</STRONG> (Thumb, 38 bytes, Stack size 0 bytes, D:\Keil_v5\ARM\ARMCC\Bin\..\lib\armlib\c_w.l(llshl.o)(.text), UNUSED)

<P><STRONG><a name="[1a8]"></a>__aeabi_llsr</STRONG> (Thumb, 0 bytes, Stack size 0 bytes, D:\Keil_v5\ARM\ARMCC\Bin\..\lib\armlib\c_w.l(llushr.o)(.text))
<BR><BR>[Called By]<UL><LI><a href="#[187]">&gt;&gt;</a>&nbsp;&nbsp;&nbsp;update_present_time
</UL>

<P><STRONG><a name="[1d5]"></a>_ll_ushift_r</STRONG> (Thumb, 38 bytes, Stack size 0 bytes, D:\Keil_v5\ARM\ARMCC\Bin\..\lib\armlib\c_w.l(llushr.o)(.text), UNUSED)

<P><STRONG><a name="[c2]"></a>vfprintf</STRONG> (Thumb, 10 bytes, Stack size 0 bytes, D:\Keil_v5\ARM\ARMCC\Bin\..\lib\armlib\c_w.l(vfprintf.o)(.text))
<BR><BR>[Stack]<UL><LI>Max Depth = 120 + Unknown Stack Size
<LI>Call Chain = vfprintf &rArr; _printf_char_file &rArr; _printf_char_common &rArr; __printf
</UL>
<BR>[Calls]<UL><LI><a href="#[c3]">&gt;&gt;</a>&nbsp;&nbsp;&nbsp;_printf_char_file
</UL>
<BR>[Called By]<UL><LI><a href="#[173]">&gt;&gt;</a>&nbsp;&nbsp;&nbsp;debug
</UL>

<P><STRONG><a name="[c4]"></a>vsnprintf</STRONG> (Thumb, 48 bytes, Stack size 24 bytes, D:\Keil_v5\ARM\ARMCC\Bin\..\lib\armlib\c_w.l(vsnprintf.o)(.text))
<BR><BR>[Stack]<UL><LI>Max Depth = 128 + Unknown Stack Size
<LI>Call Chain = vsnprintf &rArr; _printf_char_common &rArr; __printf
</UL>
<BR>[Calls]<UL><LI><a href="#[c6]">&gt;&gt;</a>&nbsp;&nbsp;&nbsp;_sputc
<LI><a href="#[c5]">&gt;&gt;</a>&nbsp;&nbsp;&nbsp;_printf_char_common
</UL>
<BR>[Called By]<UL><LI><a href="#[177]">&gt;&gt;</a>&nbsp;&nbsp;&nbsp;mbed_error_vprintf
</UL>

<P><STRONG><a name="[94]"></a>_printf_int_dec</STRONG> (Thumb, 104 bytes, Stack size 24 bytes, D:\Keil_v5\ARM\ARMCC\Bin\..\lib\armlib\c_w.l(_printf_dec.o)(.text))
<BR><BR>[Stack]<UL><LI>Max Depth = 72<LI>Call Chain = _printf_int_dec &rArr; _printf_int_common &rArr; _printf_post_padding
</UL>
<BR>[Calls]<UL><LI><a href="#[c9]">&gt;&gt;</a>&nbsp;&nbsp;&nbsp;_printf_int_common
<LI><a href="#[c8]">&gt;&gt;</a>&nbsp;&nbsp;&nbsp;_printf_truncate_unsigned
<LI><a href="#[c7]">&gt;&gt;</a>&nbsp;&nbsp;&nbsp;_printf_truncate_signed
</UL>
<BR>[Called By]<UL><LI><a href="#[96]">&gt;&gt;</a>&nbsp;&nbsp;&nbsp;_printf_u
<LI><a href="#[95]">&gt;&gt;</a>&nbsp;&nbsp;&nbsp;_printf_d
<LI><a href="#[93]">&gt;&gt;</a>&nbsp;&nbsp;&nbsp;_printf_i
</UL>

<P><STRONG><a name="[ca]"></a>_printf_longlong_hex</STRONG> (Thumb, 86 bytes, Stack size 16 bytes, D:\Keil_v5\ARM\ARMCC\Bin\..\lib\armlib\c_w.l(_printf_hex_int_ll_ptr.o)(.text))
<BR><BR>[Stack]<UL><LI>Max Depth = 64<LI>Call Chain = _printf_longlong_hex &rArr; _printf_int_common &rArr; _printf_post_padding
</UL>
<BR>[Calls]<UL><LI><a href="#[c9]">&gt;&gt;</a>&nbsp;&nbsp;&nbsp;_printf_int_common
</UL>
<BR>[Called By]<UL><LI><a href="#[8c]">&gt;&gt;</a>&nbsp;&nbsp;&nbsp;_printf_hex_ptr
<LI><a href="#[a2]">&gt;&gt;</a>&nbsp;&nbsp;&nbsp;_printf_ll_hex
<LI><a href="#[9a]">&gt;&gt;</a>&nbsp;&nbsp;&nbsp;_printf_int_hex
</UL>

<P><STRONG><a name="[9a]"></a>_printf_int_hex</STRONG> (Thumb, 28 bytes, Stack size 16 bytes, D:\Keil_v5\ARM\ARMCC\Bin\..\lib\armlib\c_w.l(_printf_hex_int_ll_ptr.o)(.text))
<BR><BR>[Stack]<UL><LI>Max Depth = 80<LI>Call Chain = _printf_int_hex &rArr; _printf_longlong_hex &rArr; _printf_int_common &rArr; _printf_post_padding
</UL>
<BR>[Calls]<UL><LI><a href="#[ca]">&gt;&gt;</a>&nbsp;&nbsp;&nbsp;_printf_longlong_hex
<LI><a href="#[c8]">&gt;&gt;</a>&nbsp;&nbsp;&nbsp;_printf_truncate_unsigned
</UL>
<BR>[Called By]<UL><LI><a href="#[99]">&gt;&gt;</a>&nbsp;&nbsp;&nbsp;_printf_x
</UL>

<P><STRONG><a name="[a2]"></a>_printf_ll_hex</STRONG> (Thumb, 12 bytes, Stack size 0 bytes, D:\Keil_v5\ARM\ARMCC\Bin\..\lib\armlib\c_w.l(_printf_hex_int_ll_ptr.o)(.text))
<BR><BR>[Stack]<UL><LI>Max Depth = 64<LI>Call Chain = _printf_ll_hex &rArr; _printf_longlong_hex &rArr; _printf_int_common &rArr; _printf_post_padding
</UL>
<BR>[Calls]<UL><LI><a href="#[ca]">&gt;&gt;</a>&nbsp;&nbsp;&nbsp;_printf_longlong_hex
</UL>
<BR>[Called By]<UL><LI><a href="#[a1]">&gt;&gt;</a>&nbsp;&nbsp;&nbsp;_printf_llx
</UL>

<P><STRONG><a name="[8c]"></a>_printf_hex_ptr</STRONG> (Thumb, 18 bytes, Stack size 0 bytes, D:\Keil_v5\ARM\ARMCC\Bin\..\lib\armlib\c_w.l(_printf_hex_int_ll_ptr.o)(.text))
<BR><BR>[Stack]<UL><LI>Max Depth = 64<LI>Call Chain = _printf_hex_ptr &rArr; _printf_longlong_hex &rArr; _printf_int_common &rArr; _printf_post_padding
</UL>
<BR>[Calls]<UL><LI><a href="#[ca]">&gt;&gt;</a>&nbsp;&nbsp;&nbsp;_printf_longlong_hex
</UL>
<BR>[Called By]<UL><LI><a href="#[8b]">&gt;&gt;</a>&nbsp;&nbsp;&nbsp;_printf_p
</UL>

<P><STRONG><a name="[cb]"></a>__printf</STRONG> (Thumb, 388 bytes, Stack size 40 bytes, D:\Keil_v5\ARM\ARMCC\Bin\..\lib\armlib\c_w.l(__printf_flags_ss_wp.o)(.text))
<BR><BR>[Stack]<UL><LI>Max Depth = 40 + Unknown Stack Size
<LI>Call Chain = __printf
</UL>
<BR>[Calls]<UL><LI><a href="#[cd]">&gt;&gt;</a>&nbsp;&nbsp;&nbsp;_printf_percent
<LI><a href="#[cc]">&gt;&gt;</a>&nbsp;&nbsp;&nbsp;_is_digit
</UL>
<BR>[Called By]<UL><LI><a href="#[c5]">&gt;&gt;</a>&nbsp;&nbsp;&nbsp;_printf_char_common
</UL>

<P><STRONG><a name="[ce]"></a>_do_fflush</STRONG> (Thumb, 54 bytes, Stack size 16 bytes, D:\Keil_v5\ARM\ARMCC\Bin\..\lib\armlib\c_w.l(fflush.o)(.text))
<BR><BR>[Stack]<UL><LI>Max Depth = 112<LI>Call Chain = _do_fflush &rArr; _fflush &rArr; _writebuf &rArr; _sys_seek &rArr; lseek &rArr;  get_fhc(int) (Cycle)
</UL>
<BR>[Calls]<UL><LI><a href="#[cf]">&gt;&gt;</a>&nbsp;&nbsp;&nbsp;_fflush
<LI><a href="#[d0]">&gt;&gt;</a>&nbsp;&nbsp;&nbsp;_fseek
</UL>
<BR>[Called By]<UL><LI><a href="#[d1]">&gt;&gt;</a>&nbsp;&nbsp;&nbsp;fflush
</UL>

<P><STRONG><a name="[d1]"></a>fflush</STRONG> (Thumb, 42 bytes, Stack size 16 bytes, D:\Keil_v5\ARM\ARMCC\Bin\..\lib\armlib\c_w.l(fflush.o)(.text))
<BR><BR>[Stack]<UL><LI>Max Depth = 128<LI>Call Chain = fflush &rArr; _do_fflush &rArr; _fflush &rArr; _writebuf &rArr; _sys_seek &rArr; lseek &rArr;  get_fhc(int) (Cycle)
</UL>
<BR>[Calls]<UL><LI><a href="#[ce]">&gt;&gt;</a>&nbsp;&nbsp;&nbsp;_do_fflush
</UL>
<BR>[Called By]<UL><LI><a href="#[bd]">&gt;&gt;</a>&nbsp;&nbsp;&nbsp;exit
</UL>

<P><STRONG><a name="[d0]"></a>_fseek</STRONG> (Thumb, 242 bytes, Stack size 24 bytes, D:\Keil_v5\ARM\ARMCC\Bin\..\lib\armlib\c_w.l(fseek.o)(.text))
<BR><BR>[Stack]<UL><LI>Max Depth = 48<LI>Call Chain = _fseek &rArr; _sys_istty &rArr; isatty &rArr;  get_fhc(int) (Cycle)
</UL>
<BR>[Calls]<UL><LI><a href="#[d2]">&gt;&gt;</a>&nbsp;&nbsp;&nbsp;_sys_istty
<LI><a href="#[d4]">&gt;&gt;</a>&nbsp;&nbsp;&nbsp;_sys_flen
<LI><a href="#[d5]">&gt;&gt;</a>&nbsp;&nbsp;&nbsp;_seterr
<LI><a href="#[d3]">&gt;&gt;</a>&nbsp;&nbsp;&nbsp;_ftell_internal
</UL>
<BR>[Called By]<UL><LI><a href="#[d6]">&gt;&gt;</a>&nbsp;&nbsp;&nbsp;freopen
<LI><a href="#[ce]">&gt;&gt;</a>&nbsp;&nbsp;&nbsp;_do_fflush
</UL>

<P><STRONG><a name="[1d6]"></a>fseek</STRONG> (Thumb, 0 bytes, Stack size 24 bytes, D:\Keil_v5\ARM\ARMCC\Bin\..\lib\armlib\c_w.l(fseek.o)(.text), UNUSED)

<P><STRONG><a name="[d6]"></a>freopen</STRONG> (Thumb, 158 bytes, Stack size 24 bytes, D:\Keil_v5\ARM\ARMCC\Bin\..\lib\armlib\c_w.l(fopen.o)(.text))
<BR><BR>[Stack]<UL><LI>Max Depth = 728 + Unknown Stack Size
<LI>Call Chain = freopen &rArr; _sys_open &rArr; open &rArr; mbed::FilePath::FilePath(const char*) &rArr; mbed::FileBase::lookup(const char*, unsigned) &rArr; SingletonPtr&lang;PlatformMutex&rang;::operator -&rang;() const &rArr; SingletonPtr&lang;PlatformMutex&rang;::get() const &rArr; mbed_assert_internal &rArr; mbed_error &rArr; print_error_report &rArr; mbed_error_puts &rArr;  core_util_critical_section_exit (Cycle)
</UL>
<BR>[Calls]<UL><LI><a href="#[d8]">&gt;&gt;</a>&nbsp;&nbsp;&nbsp;_sys_open
<LI><a href="#[d7]">&gt;&gt;</a>&nbsp;&nbsp;&nbsp;_fclose_internal
<LI><a href="#[d0]">&gt;&gt;</a>&nbsp;&nbsp;&nbsp;_fseek
</UL>
<BR>[Called By]<UL><LI><a href="#[b3]">&gt;&gt;</a>&nbsp;&nbsp;&nbsp;_initio
<LI><a href="#[d9]">&gt;&gt;</a>&nbsp;&nbsp;&nbsp;fopen
</UL>

<P><STRONG><a name="[d9]"></a>fopen</STRONG> (Thumb, 74 bytes, Stack size 24 bytes, D:\Keil_v5\ARM\ARMCC\Bin\..\lib\armlib\c_w.l(fopen.o)(.text), UNUSED)
<BR><BR>[Calls]<UL><LI><a href="#[be]">&gt;&gt;</a>&nbsp;&nbsp;&nbsp;malloc
<LI><a href="#[da]">&gt;&gt;</a>&nbsp;&nbsp;&nbsp;__aeabi_memclr4
<LI><a href="#[d6]">&gt;&gt;</a>&nbsp;&nbsp;&nbsp;freopen
</UL>

<P><STRONG><a name="[d7]"></a>_fclose_internal</STRONG> (Thumb, 76 bytes, Stack size 32 bytes, D:\Keil_v5\ARM\ARMCC\Bin\..\lib\armlib\c_w.l(fclose.o)(.text))
<BR><BR>[Stack]<UL><LI>Max Depth = 536 + Unknown Stack Size
<LI>Call Chain = _fclose_internal &rArr; _sys_close &rArr; close &rArr; get_fhc(int) &rArr; get_console(int) &rArr; default_console() &rArr; DirectSerial::DirectSerial(PinName, PinName, int) &rArr; serial_init &rArr;  mbed_assert_internal (Cycle)
</UL>
<BR>[Calls]<UL><LI><a href="#[db]">&gt;&gt;</a>&nbsp;&nbsp;&nbsp;_sys_close
<LI><a href="#[c1]">&gt;&gt;</a>&nbsp;&nbsp;&nbsp;free
<LI><a href="#[cf]">&gt;&gt;</a>&nbsp;&nbsp;&nbsp;_fflush
<LI><a href="#[da]">&gt;&gt;</a>&nbsp;&nbsp;&nbsp;__aeabi_memclr4
</UL>
<BR>[Called By]<UL><LI><a href="#[f2]">&gt;&gt;</a>&nbsp;&nbsp;&nbsp;_terminateio
<LI><a href="#[d6]">&gt;&gt;</a>&nbsp;&nbsp;&nbsp;freopen
</UL>

<P><STRONG><a name="[1d7]"></a>fclose</STRONG> (Thumb, 0 bytes, Stack size 32 bytes, D:\Keil_v5\ARM\ARMCC\Bin\..\lib\armlib\c_w.l(fclose.o)(.text), UNUSED)

<P><STRONG><a name="[15c]"></a>strspn</STRONG> (Thumb, 28 bytes, Stack size 12 bytes, D:\Keil_v5\ARM\ARMCC\Bin\..\lib\armlib\c_w.l(strspn.o)(.text))
<BR><BR>[Stack]<UL><LI>Max Depth = 12<LI>Call Chain = strspn
</UL>
<BR>[Called By]<UL><LI><a href="#[15b]">&gt;&gt;</a>&nbsp;&nbsp;&nbsp;mbed::FilePath::FilePath(const char*)
</UL>

<P><STRONG><a name="[155]"></a>memcmp</STRONG> (Thumb, 88 bytes, Stack size 8 bytes, D:\Keil_v5\ARM\ARMCC\Bin\..\lib\armlib\c_w.l(memcmp.o)(.text))
<BR><BR>[Stack]<UL><LI>Max Depth = 8<LI>Call Chain = memcmp
</UL>
<BR>[Called By]<UL><LI><a href="#[153]">&gt;&gt;</a>&nbsp;&nbsp;&nbsp;mbed::FileBase::lookup(const char*, unsigned)
</UL>

<P><STRONG><a name="[154]"></a>strlen</STRONG> (Thumb, 62 bytes, Stack size 8 bytes, D:\Keil_v5\ARM\ARMCC\Bin\..\lib\armlib\c_w.l(strlen.o)(.text))
<BR><BR>[Stack]<UL><LI>Max Depth = 8<LI>Call Chain = strlen
</UL>
<BR>[Called By]<UL><LI><a href="#[190]">&gt;&gt;</a>&nbsp;&nbsp;&nbsp;mbed_error_puts
<LI><a href="#[153]">&gt;&gt;</a>&nbsp;&nbsp;&nbsp;mbed::FileBase::lookup(const char*, unsigned)
</UL>

<P><STRONG><a name="[182]"></a>__aeabi_memcpy4</STRONG> (Thumb, 0 bytes, Stack size 8 bytes, D:\Keil_v5\ARM\ARMCC\Bin\..\lib\armlib\c_w.l(rt_memcpy_w.o)(.text))
<BR><BR>[Stack]<UL><LI>Max Depth = 8<LI>Call Chain = __aeabi_memcpy4
</UL>
<BR>[Called By]<UL><LI><a href="#[13a]">&gt;&gt;</a>&nbsp;&nbsp;&nbsp;serial_init
<LI><a href="#[175]">&gt;&gt;</a>&nbsp;&nbsp;&nbsp;handle_error
</UL>

<P><STRONG><a name="[1d8]"></a>__aeabi_memcpy8</STRONG> (Thumb, 0 bytes, Stack size 8 bytes, D:\Keil_v5\ARM\ARMCC\Bin\..\lib\armlib\c_w.l(rt_memcpy_w.o)(.text), UNUSED)

<P><STRONG><a name="[1d9]"></a>__rt_memcpy_w</STRONG> (Thumb, 100 bytes, Stack size 8 bytes, D:\Keil_v5\ARM\ARMCC\Bin\..\lib\armlib\c_w.l(rt_memcpy_w.o)(.text), UNUSED)

<P><STRONG><a name="[1da]"></a>_memcpy_lastbytes_aligned</STRONG> (Thumb, 0 bytes, Stack size unknown bytes, D:\Keil_v5\ARM\ARMCC\Bin\..\lib\armlib\c_w.l(rt_memcpy_w.o)(.text), UNUSED)

<P><STRONG><a name="[da]"></a>__aeabi_memclr4</STRONG> (Thumb, 0 bytes, Stack size 4 bytes, D:\Keil_v5\ARM\ARMCC\Bin\..\lib\armlib\c_w.l(rt_memclr_w.o)(.text))
<BR><BR>[Stack]<UL><LI>Max Depth = 4<LI>Call Chain = __aeabi_memclr4
</UL>
<BR>[Called By]<UL><LI><a href="#[13c]">&gt;&gt;</a>&nbsp;&nbsp;&nbsp;mbed::DigitalOut::DigitalOut(PinName)
<LI><a href="#[60]">&gt;&gt;</a>&nbsp;&nbsp;&nbsp;mbed::Transaction&lang;mbed::SPI&rang;::Transaction()
<LI><a href="#[175]">&gt;&gt;</a>&nbsp;&nbsp;&nbsp;handle_error
<LI><a href="#[166]">&gt;&gt;</a>&nbsp;&nbsp;&nbsp;mbed_sdk_init
<LI><a href="#[b3]">&gt;&gt;</a>&nbsp;&nbsp;&nbsp;_initio
<LI><a href="#[d7]">&gt;&gt;</a>&nbsp;&nbsp;&nbsp;_fclose_internal
<LI><a href="#[d9]">&gt;&gt;</a>&nbsp;&nbsp;&nbsp;fopen
</UL>

<P><STRONG><a name="[1db]"></a>__aeabi_memclr8</STRONG> (Thumb, 0 bytes, Stack size 4 bytes, D:\Keil_v5\ARM\ARMCC\Bin\..\lib\armlib\c_w.l(rt_memclr_w.o)(.text), UNUSED)

<P><STRONG><a name="[1dc]"></a>__rt_memclr_w</STRONG> (Thumb, 78 bytes, Stack size 4 bytes, D:\Keil_v5\ARM\ARMCC\Bin\..\lib\armlib\c_w.l(rt_memclr_w.o)(.text), UNUSED)

<P><STRONG><a name="[1dd]"></a>_memset_w</STRONG> (Thumb, 0 bytes, Stack size unknown bytes, D:\Keil_v5\ARM\ARMCC\Bin\..\lib\armlib\c_w.l(rt_memclr_w.o)(.text), UNUSED)

<P><STRONG><a name="[169]"></a>strcmp</STRONG> (Thumb, 128 bytes, Stack size 0 bytes, D:\Keil_v5\ARM\ARMCC\Bin\..\lib\armlib\c_w.l(strcmpv7m.o)(.text))
<BR><BR>[Called By]<UL><LI><a href="#[d8]">&gt;&gt;</a>&nbsp;&nbsp;&nbsp;_sys_open
<LI><a href="#[5d]">&gt;&gt;</a>&nbsp;&nbsp;&nbsp;_get_lc_ctype
<LI><a href="#[b1]">&gt;&gt;</a>&nbsp;&nbsp;&nbsp;_get_lc_numeric
</UL>

<P><STRONG><a name="[84]"></a>__cpp_initialize__aeabi_</STRONG> (Thumb, 26 bytes, Stack size 16 bytes, D:\Keil_v5\ARM\ARMCC\Bin\..\lib\armlib\c_w.l(init_aeabi.o)(.text))
<BR><BR>[Stack]<UL><LI>Max Depth = 16<LI>Call Chain = __cpp_initialize__aeabi_
</UL>
<BR>[Called By]<UL><LI><a href="#[b4]">&gt;&gt;</a>&nbsp;&nbsp;&nbsp;__rt_lib_init_cpp_2
</UL>

<P><STRONG><a name="[1ab]"></a>__aeabi_vec_dtor</STRONG> (Thumb, 34 bytes, Stack size 24 bytes, D:\Keil_v5\ARM\ARMCC\Bin\..\lib\cpplib\cpprt_w.l(aeabi_vec_dtor_noexceptions.o)(.text))
<BR><BR>[Stack]<UL><LI>Max Depth = 24<LI>Call Chain = __aeabi_vec_dtor
</UL>
[...]
<BR><BR>[Stack]<UL><LI>Max Depth = 16<LI>Call Chain = __aeabi_f2ulz
</UL>
<BR>[Called By]<UL><LI><a href="#[10d]">&gt;&gt;</a>&nbsp;&nbsp;&nbsp;$Super$$main
</UL>

<P><STRONG><a name="[1b1]"></a>_ll_ufrom_f</STRONG> (Thumb, 92 bytes, Stack size 16 bytes, D:\Keil_v5\ARM\ARMCC\Bin\..\lib\armlib\fz_ws.l(ffixull.o)(x$fpl$llufromf), UNUSED)
<BR><BR>[Calls]<UL><LI><a href="#[1ae]">&gt;&gt;</a>&nbsp;&nbsp;&nbsp;__fpl_fnaninf
</UL>

<P><STRONG><a name="[8e]"></a>_printf_fp_dec</STRONG> (Thumb, 4 bytes, Stack size 0 bytes, D:\Keil_v5\ARM\ARMCC\Bin\..\lib\armlib\fz_ws.l(printf1.o)(x$fpl$printf1))
<BR><BR>[Stack]<UL><LI>Max Depth = 320<LI>Call Chain = _printf_fp_dec &rArr; _printf_fp_dec_real &rArr; _fp_digits &rArr; _btod_etento &rArr; _btod_emul &rArr; _e2e
</UL>
<BR>[Calls]<UL><LI><a href="#[fb]">&gt;&gt;</a>&nbsp;&nbsp;&nbsp;_printf_fp_dec_real
</UL>
<BR>[Called By]<UL><LI><a href="#[90]">&gt;&gt;</a>&nbsp;&nbsp;&nbsp;_printf_g
<LI><a href="#[8f]">&gt;&gt;</a>&nbsp;&nbsp;&nbsp;_printf_e
<LI><a href="#[8d]">&gt;&gt;</a>&nbsp;&nbsp;&nbsp;_printf_f
</UL>

<P><STRONG><a name="[92]"></a>_printf_fp_hex</STRONG> (Thumb, 4 bytes, Stack size 0 bytes, D:\Keil_v5\ARM\ARMCC\Bin\..\lib\armlib\fz_ws.l(printf2.o)(x$fpl$printf2))
<BR><BR>[Stack]<UL><LI>Max Depth = 112<LI>Call Chain = _printf_fp_hex &rArr; _printf_fp_hex_real &rArr; _printf_fp_infnan &rArr; _printf_post_padding
</UL>
<BR>[Calls]<UL><LI><a href="#[fe]">&gt;&gt;</a>&nbsp;&nbsp;&nbsp;_printf_fp_hex_real
</UL>
<BR>[Called By]<UL><LI><a href="#[91]">&gt;&gt;</a>&nbsp;&nbsp;&nbsp;_printf_a
</UL>
<P>
<H3>
Local Symbols
</H3>
<P><STRONG><a name="[80]"></a>__sti___8_main_cpp_led1</STRONG> (Thumb, 74 bytes, Stack size 16 bytes, .\build\main.o(i.__sti___8_main_cpp_led1))
<BR><BR>[Stack]<UL><LI>Max Depth = 624 + Unknown Stack Size
<LI>Call Chain = __sti___8_main_cpp_led1 &rArr; mbed::TimerEvent::TimerEvent__sub_object() &rArr; ticker_set_handler &rArr; core_util_critical_section_exit &rArr; hal_critical_section_exit &rArr; mbed_assert_internal &rArr; mbed_error &rArr; print_error_report &rArr; mbed_error_puts &rArr;  core_util_critical_section_exit (Cycle)
</UL>
<BR>[Calls]<UL><LI><a href="#[15e]">&gt;&gt;</a>&nbsp;&nbsp;&nbsp;mbed::Callback&lang;void()&rang;::Callback(void(*)())
<LI><a href="#[13c]">&gt;&gt;</a>&nbsp;&nbsp;&nbsp;mbed::DigitalOut::DigitalOut(PinName)
<LI><a href="#[133]">&gt;&gt;</a>&nbsp;&nbsp;&nbsp;__aeabi_atexit
<LI><a href="#[142]">&gt;&gt;</a>&nbsp;&nbsp;&nbsp;mbed::TimerEvent::TimerEvent__sub_object()
</UL>
<BR>[Address Reference Count : 1]<UL><LI> main.o(.init_array)
</UL>
<P><STRONG><a name="[81]"></a>__sti___7_SPI_cpp_ab1f1164</STRONG> (Thumb, 44 bytes, Stack size 16 bytes, .\build\spi.o(i.__sti___7_SPI_cpp_ab1f1164))
<BR><BR>[Stack]<UL><LI>Max Depth = 40<LI>Call Chain = __sti___7_SPI_cpp_ab1f1164 &rArr; __aeabi_vec_ctor_nocookie_nodtor
</UL>
<BR>[Calls]<UL><LI><a href="#[133]">&gt;&gt;</a>&nbsp;&nbsp;&nbsp;__aeabi_atexit
<LI><a href="#[15d]">&gt;&gt;</a>&nbsp;&nbsp;&nbsp;__aeabi_vec_ctor_nocookie_nodtor
</UL>
<BR>[Address Reference Count : 1]<UL><LI> spi.o(.init_array)
</UL>
<P><STRONG><a name="[181]"></a>are_interrupts_enabled</STRONG> (Thumb, 16 bytes, Stack size 0 bytes, .\build\mbed_critical_section_api.o(i.are_interrupts_enabled))
<BR><BR>[Called By]<UL><LI><a href="#[172]">&gt;&gt;</a>&nbsp;&nbsp;&nbsp;hal_critical_section_exit
<LI><a href="#[171]">&gt;&gt;</a>&nbsp;&nbsp;&nbsp;hal_critical_section_enter
</UL>

<P><STRONG><a name="[160]"></a>_gpio_init_out</STRONG> (Thumb, 52 bytes, Stack size 24 bytes, .\build\mbed_gpio.o(i._gpio_init_out))
<BR><BR>[Stack]<UL><LI>Max Depth = 136<LI>Call Chain = _gpio_init_out &rArr; gpio_init &rArr;  Set_GPIO_Clock (Cycle)
</UL>
<BR>[Calls]<UL><LI><a href="#[163]">&gt;&gt;</a>&nbsp;&nbsp;&nbsp;gpio_dir
<LI><a href="#[164]">&gt;&gt;</a>&nbsp;&nbsp;&nbsp;gpio_mode
<LI><a href="#[161]">&gt;&gt;</a>&nbsp;&nbsp;&nbsp;gpio_init
<LI><a href="#[162]">&gt;&gt;</a>&nbsp;&nbsp;&nbsp;gpio_write
</UL>
<BR>[Called By]<UL><LI><a href="#[17e]">&gt;&gt;</a>&nbsp;&nbsp;&nbsp;gpio_init_out_ex
</UL>

<P><STRONG><a name="[162]"></a>gpio_write</STRONG> (Thumb, 18 bytes, Stack size 0 bytes, .\build\mbed_gpio.o(i.gpio_write))
<BR><BR>[Called By]<UL><LI><a href="#[160]">&gt;&gt;</a>&nbsp;&nbsp;&nbsp;_gpio_init_out
</UL>

<P><STRONG><a name="[16e]"></a>compute_tick_round_up</STRONG> (Thumb, 218 bytes, Stack size 48 bytes, .\build\mbed_ticker_api.o(i.compute_tick_round_up))
<BR><BR>[Stack]<UL><LI>Max Depth = 96<LI>Call Chain = compute_tick_round_up &rArr; __aeabi_uldivmod
</UL>
<BR>[Calls]<UL><LI><a href="#[16f]">&gt;&gt;</a>&nbsp;&nbsp;&nbsp;__aeabi_llsl
<LI><a href="#[170]">&gt;&gt;</a>&nbsp;&nbsp;&nbsp;__aeabi_uldivmod
</UL>
<BR>[Called By]<UL><LI><a href="#[188]">&gt;&gt;</a>&nbsp;&nbsp;&nbsp;schedule_interrupt
</UL>

<P><STRONG><a name="[186]"></a>initialize</STRONG> (Thumb, 290 bytes, Stack size 56 bytes, .\build\mbed_ticker_api.o(i.initialize))
<BR><BR>[Stack]<UL><LI>Max Depth = 208 + In Cycle
<LI>Call Chain = initialize &rArr;  mbed_assert_internal (Cycle)
</UL>
<BR>[Calls]<UL><LI><a href="#[14f]">&gt;&gt;</a>&nbsp;&nbsp;&nbsp;mbed_assert_internal
<LI><a href="#[187]">&gt;&gt;</a>&nbsp;&nbsp;&nbsp;update_present_time
<LI><a href="#[188]">&gt;&gt;</a>&nbsp;&nbsp;&nbsp;schedule_interrupt
<LI><a href="#[16f]">&gt;&gt;</a>&nbsp;&nbsp;&nbsp;__aeabi_llsl
<LI><a href="#[170]">&gt;&gt;</a>&nbsp;&nbsp;&nbsp;__aeabi_uldivmod
</UL>
<BR>[Called By]<UL><LI><a href="#[143]">&gt;&gt;</a>&nbsp;&nbsp;&nbsp;ticker_set_handler
<LI><a href="#[111]">&gt;&gt;</a>&nbsp;&nbsp;&nbsp;ticker_read_us
</UL>

<P><STRONG><a name="[188]"></a>schedule_interrupt</STRONG> (Thumb, 176 bytes, Stack size 40 bytes, .\build\mbed_ticker_api.o(i.schedule_interrupt))
<BR><BR>[Stack]<UL><LI>Max Depth = 152 + In Cycle
<LI>Call Chain = schedule_interrupt &rArr;  mbed_assert_internal (Cycle)
</UL>
<BR>[Calls]<UL><LI><a href="#[14f]">&gt;&gt;</a>&nbsp;&nbsp;&nbsp;mbed_assert_internal
<LI><a href="#[19f]">&gt;&gt;</a>&nbsp;&nbsp;&nbsp;_ticker_match_interval_passed
<LI><a href="#[187]">&gt;&gt;</a>&nbsp;&nbsp;&nbsp;update_present_time
<LI><a href="#[16e]">&gt;&gt;</a>&nbsp;&nbsp;&nbsp;compute_tick_round_up
</UL>
<BR>[Called By]<UL><LI><a href="#[141]">&gt;&gt;</a>&nbsp;&nbsp;&nbsp;ticker_remove_event
<LI><a href="#[13f]">&gt;&gt;</a>&nbsp;&nbsp;&nbsp;ticker_insert_event_us
<LI><a href="#[82]">&gt;&gt;</a>&nbsp;&nbsp;&nbsp;ticker_irq_handler
<LI><a href="#[186]">&gt;&gt;</a>&nbsp;&nbsp;&nbsp;initialize
</UL>

<P><STRONG><a name="[1a6]"></a>set_handler</STRONG> (Thumb, 6 bytes, Stack size 0 bytes, .\build\mbed_ticker_api.o(i.set_handler))
<BR><BR>[Called By]<UL><LI><a href="#[143]">&gt;&gt;</a>&nbsp;&nbsp;&nbsp;ticker_set_handler
</UL>

<P><STRONG><a name="[187]"></a>update_present_time</STRONG> (Thumb, 358 bytes, Stack size 64 bytes, .\build\mbed_ticker_api.o(i.update_present_time))
<BR><BR>[Stack]<UL><LI>Max Depth = 112<LI>Call Chain = update_present_time &rArr; __aeabi_uldivmod
</UL>
<BR>[Calls]<UL><LI><a href="#[1a8]">&gt;&gt;</a>&nbsp;&nbsp;&nbsp;__aeabi_llsr
<LI><a href="#[16f]">&gt;&gt;</a>&nbsp;&nbsp;&nbsp;__aeabi_llsl
<LI><a href="#[170]">&gt;&gt;</a>&nbsp;&nbsp;&nbsp;__aeabi_uldivmod
</UL>
<BR>[Called By]<UL><LI><a href="#[13f]">&gt;&gt;</a>&nbsp;&nbsp;&nbsp;ticker_insert_event_us
<LI><a href="#[111]">&gt;&gt;</a>&nbsp;&nbsp;&nbsp;ticker_read_us
<LI><a href="#[82]">&gt;&gt;</a>&nbsp;&nbsp;&nbsp;ticker_irq_handler
<LI><a href="#[188]">&gt;&gt;</a>&nbsp;&nbsp;&nbsp;schedule_interrupt
<LI><a href="#[186]">&gt;&gt;</a>&nbsp;&nbsp;&nbsp;initialize
</UL>

<P><STRONG><a name="[18d]"></a>gpio_write</STRONG> (Thumb, 18 bytes, Stack size 0 bytes, .\build\mbed_board.o(i.gpio_write))
<BR><BR>[Called By]<UL><LI><a href="#[17a]">&gt;&gt;</a>&nbsp;&nbsp;&nbsp;mbed_die
</UL>

<P><STRONG><a name="[175]"></a>handle_error</STRONG> (Thumb, 104 bytes, Stack size 80 bytes, .\build\mbed_error.o(i.handle_error))
<BR><BR>[Stack]<UL><LI>Max Depth = 96 + In Cycle
<LI>Call Chain = handle_error &rArr;  core_util_critical_section_exit (Cycle)
</UL>
<BR>[Calls]<UL><LI><a href="#[14a]">&gt;&gt;</a>&nbsp;&nbsp;&nbsp;core_util_critical_section_exit
<LI><a href="#[149]">&gt;&gt;</a>&nbsp;&nbsp;&nbsp;core_util_critical_section_enter
<LI><a href="#[da]">&gt;&gt;</a>&nbsp;&nbsp;&nbsp;__aeabi_memclr4
<LI><a href="#[182]">&gt;&gt;</a>&nbsp;&nbsp;&nbsp;__aeabi_memcpy4
</UL>
<BR>[Called By]<UL><LI><a href="#[18c]">&gt;&gt;</a>&nbsp;&nbsp;&nbsp;mbed_error
<LI><a href="#[12a]">&gt;&gt;</a>&nbsp;&nbsp;&nbsp;error
</UL>

<P><STRONG><a name="[178]"></a>mbed_halt_system</STRONG> (Thumb, 56 bytes, Stack size 0 bytes, .\build\mbed_error.o(i.mbed_halt_system))
<BR><BR>[Stack]<UL><LI>Max Depth = 280<LI>Call Chain = mbed_halt_system &rArr; mbed_die &rArr; wait_ms &rArr; wait_us &rArr; ticker_read &rArr; ticker_read_us &rArr;  core_util_critical_section_exit (Cycle)
</UL>
<BR>[Calls]<UL><LI><a href="#[149]">&gt;&gt;</a>&nbsp;&nbsp;&nbsp;core_util_critical_section_enter
<LI><a href="#[17a]">&gt;&gt;</a>&nbsp;&nbsp;&nbsp;mbed_die
<LI><a href="#[bd]">&gt;&gt;</a>&nbsp;&nbsp;&nbsp;exit
<LI><a href="#[191]">&gt;&gt;</a>&nbsp;&nbsp;&nbsp;core_util_is_isr_active
<LI><a href="#[174]">&gt;&gt;</a>&nbsp;&nbsp;&nbsp;core_util_atomic_flag_test_and_set
<LI><a href="#[192]">&gt;&gt;</a>&nbsp;&nbsp;&nbsp;core_util_are_interrupts_enabled
</UL>
<BR>[Called By]<UL><LI><a href="#[18c]">&gt;&gt;</a>&nbsp;&nbsp;&nbsp;mbed_error
<LI><a href="#[12a]">&gt;&gt;</a>&nbsp;&nbsp;&nbsp;error
</UL>

<P><STRONG><a name="[176]"></a>print_error_report</STRONG> (Thumb, 250 bytes, Stack size 32 bytes, .\build\mbed_error.o(i.print_error_report))
<BR><BR>[Stack]<UL><LI>Max Depth = 552 + Unknown Stack Size
<LI>Call Chain = print_error_report &rArr; mbed_error_puts &rArr;  core_util_critical_section_exit (Cycle)
</UL>
<BR>[Calls]<UL><LI><a href="#[190]">&gt;&gt;</a>&nbsp;&nbsp;&nbsp;mbed_error_puts
<LI><a href="#[18f]">&gt;&gt;</a>&nbsp;&nbsp;&nbsp;mbed_error_printf
</UL>
<BR>[Called By]<UL><LI><a href="#[18c]">&gt;&gt;</a>&nbsp;&nbsp;&nbsp;mbed_error
<LI><a href="#[12a]">&gt;&gt;</a>&nbsp;&nbsp;&nbsp;error
</UL>

<P><STRONG><a name="[12d]"></a>get_console(int)</STRONG> (Thumb, 38 bytes, Stack size 16 bytes, .\build\mbed_retarget.o(i._Z11get_consolei))
<BR><BR>[Stack]<UL><LI>Max Depth = 464 + Unknown Stack Size
<LI>Call Chain = get_console(int) &rArr; default_console() &rArr; DirectSerial::DirectSerial(PinName, PinName, int) &rArr; serial_init &rArr;  mbed_assert_internal (Cycle)
</UL>
<BR>[Calls]<UL><LI><a href="#[130]">&gt;&gt;</a>&nbsp;&nbsp;&nbsp;default_console()
<LI><a href="#[12f]">&gt;&gt;</a>&nbsp;&nbsp;&nbsp;mbed::mbed_target_override_console(int)
<LI><a href="#[12e]">&gt;&gt;</a>&nbsp;&nbsp;&nbsp;mbed::mbed_override_console(int)
</UL>
<BR>[Called By]<UL><LI><a href="#[138]">&gt;&gt;</a>&nbsp;&nbsp;&nbsp;get_fhc(int)
</UL>

<P><STRONG><a name="[16c]"></a>convert_crlf(int)</STRONG> (Thumb, 6 bytes, Stack size 0 bytes, .\build\mbed_retarget.o(i._Z12convert_crlfi))
<BR><BR>[Called By]<UL><LI><a href="#[ef]">&gt;&gt;</a>&nbsp;&nbsp;&nbsp;_sys_write
</UL>

<P><STRONG><a name="[130]"></a>default_console()</STRONG> (Thumb, 54 bytes, Stack size 8 bytes, .\build\mbed_retarget.o(i._Z15default_consolev))
<BR><BR>[Stack]<UL><LI>Max Depth = 448 + Unknown Stack Size
<LI>Call Chain = default_console() &rArr; DirectSerial::DirectSerial(PinName, PinName, int) &rArr; serial_init &rArr;  mbed_assert_internal (Cycle)
</UL>
<BR>[Calls]<UL><LI><a href="#[133]">&gt;&gt;</a>&nbsp;&nbsp;&nbsp;__aeabi_atexit
<LI><a href="#[134]">&gt;&gt;</a>&nbsp;&nbsp;&nbsp;__cxa_guard_release
<LI><a href="#[131]">&gt;&gt;</a>&nbsp;&nbsp;&nbsp;__cxa_guard_acquire
<LI><a href="#[132]">&gt;&gt;</a>&nbsp;&nbsp;&nbsp;DirectSerial::DirectSerial(PinName, PinName, int)
</UL>
<BR>[Called By]<UL><LI><a href="#[12d]">&gt;&gt;</a>&nbsp;&nbsp;&nbsp;get_console(int)
</UL>

<P><STRONG><a name="[135]"></a>handle_open_errors(int, unsigned)</STRONG> (Thumb, 26 bytes, Stack size 16 bytes, .\build\mbed_retarget.o(i._Z18handle_open_errorsij))
<BR><BR>[Stack]<UL><LI>Max Depth = 16<LI>Call Chain = handle_open_errors(int, unsigned)
</UL>
<BR>[Calls]<UL><LI><a href="#[ed]">&gt;&gt;</a>&nbsp;&nbsp;&nbsp;__aeabi_errno_addr
</UL>
<BR>[Called By]<UL><LI><a href="#[16a]">&gt;&gt;</a>&nbsp;&nbsp;&nbsp;open
</UL>

<P><STRONG><a name="[136]"></a>reserve_filehandle()</STRONG> (Thumb, 86 bytes, Stack size 16 bytes, .\build\mbed_retarget.o(i._Z18reserve_filehandlev))
<BR><BR>[Stack]<UL><LI>Max Depth = 608 + Unknown Stack Size
<LI>Call Chain = reserve_filehandle() &rArr; SingletonPtr&lang;PlatformMutex&rang;::operator -&rang;() const &rArr; SingletonPtr&lang;PlatformMutex&rang;::get() const &rArr; mbed_assert_internal &rArr; mbed_error &rArr; print_error_report &rArr; mbed_error_puts &rArr;  core_util_critical_section_exit (Cycle)
</UL>
<BR>[Calls]<UL><LI><a href="#[137]">&gt;&gt;</a>&nbsp;&nbsp;&nbsp;SingletonPtr&lang;PlatformMutex&rang;::operator -&rang;() const
<LI><a href="#[ed]">&gt;&gt;</a>&nbsp;&nbsp;&nbsp;__aeabi_errno_addr
</UL>
<BR>[Called By]<UL><LI><a href="#[16a]">&gt;&gt;</a>&nbsp;&nbsp;&nbsp;open
</UL>

<P><STRONG><a name="[138]"></a>get_fhc(int)</STRONG> (Thumb, 44 bytes, Stack size 16 bytes, .\build\mbed_retarget.o(i._Z7get_fhci))
<BR><BR>[Stack]<UL><LI>Max Depth = 480 + Unknown Stack Size
<LI>Call Chain = get_fhc(int) &rArr; get_console(int) &rArr; default_console() &rArr; DirectSerial::DirectSerial(PinName, PinName, int) &rArr; serial_init &rArr;  mbed_assert_internal (Cycle)
</UL>
<BR>[Calls]<UL><LI><a href="#[12d]">&gt;&gt;</a>&nbsp;&nbsp;&nbsp;get_console(int)
</UL>
<BR>[Called By]<UL><LI><a href="#[16d]">&gt;&gt;</a>&nbsp;&nbsp;&nbsp;write
<LI><a href="#[16b]">&gt;&gt;</a>&nbsp;&nbsp;&nbsp;lseek
<LI><a href="#[168]">&gt;&gt;</a>&nbsp;&nbsp;&nbsp;isatty
<LI><a href="#[179]">&gt;&gt;</a>&nbsp;&nbsp;&nbsp;fsync
<LI><a href="#[167]">&gt;&gt;</a>&nbsp;&nbsp;&nbsp;close
<LI><a href="#[d8]">&gt;&gt;</a>&nbsp;&nbsp;&nbsp;_sys_open
<LI><a href="#[d4]">&gt;&gt;</a>&nbsp;&nbsp;&nbsp;_sys_flen
</UL>

<P><STRONG><a name="[10e]"></a>can_irq</STRONG> (Thumb, 296 bytes, Stack size 96 bytes, .\build\can_api.o(i.can_irq))
<BR><BR>[Stack]<UL><LI>Max Depth = 96<LI>Call Chain = can_irq
</UL>
<BR>[Called By]<UL><LI><a href="#[30]">&gt;&gt;</a>&nbsp;&nbsp;&nbsp;USB_LP_CAN1_RX0_IRQHandler
<LI><a href="#[2f]">&gt;&gt;</a>&nbsp;&nbsp;&nbsp;USB_HP_CAN1_TX_IRQHandler
<LI><a href="#[32]">&gt;&gt;</a>&nbsp;&nbsp;&nbsp;CAN1_SCE_IRQHandler
</UL>

<P><STRONG><a name="[17c]"></a>LL_GPIO_SetPinMode</STRONG> (Thumb, 44 bytes, Stack size 16 bytes, .\build\gpio_api.o(i.LL_GPIO_SetPinMode))
<BR><BR>[Stack]<UL><LI>Max Depth = 16<LI>Call Chain = LL_GPIO_SetPinMode
</UL>
<BR>[Called By]<UL><LI><a href="#[163]">&gt;&gt;</a>&nbsp;&nbsp;&nbsp;gpio_dir
</UL>

<P><STRONG><a name="[19a]"></a>LL_GPIO_GetPinMode</STRONG> (Thumb, 40 bytes, Stack size 12 bytes, .\build\pinmap.o(i.LL_GPIO_GetPinMode))
<BR><BR>[Stack]<UL><LI>Max Depth = 12<LI>Call Chain = LL_GPIO_GetPinMode
</UL>
<BR>[Called By]<UL><LI><a href="#[17f]">&gt;&gt;</a>&nbsp;&nbsp;&nbsp;pin_mode
<LI><a href="#[198]">&gt;&gt;</a>&nbsp;&nbsp;&nbsp;stm_pin_PullConfig
</UL>

<P><STRONG><a name="[196]"></a>LL_GPIO_SetPinMode</STRONG> (Thumb, 44 bytes, Stack size 16 bytes, .\build\pinmap.o(i.LL_GPIO_SetPinMode))
<BR><BR>[Stack]<UL><LI>Max Depth = 16<LI>Call Chain = LL_GPIO_SetPinMode
</UL>
<BR>[Called By]<UL><LI><a href="#[180]">&gt;&gt;</a>&nbsp;&nbsp;&nbsp;pin_function
<LI><a href="#[198]">&gt;&gt;</a>&nbsp;&nbsp;&nbsp;stm_pin_PullConfig
</UL>

<P><STRONG><a name="[197]"></a>LL_GPIO_SetPinOutputType</STRONG> (Thumb, 44 bytes, Stack size 16 bytes, .\build\pinmap.o(i.LL_GPIO_SetPinOutputType))
<BR><BR>[Stack]<UL><LI>Max Depth = 16<LI>Call Chain = LL_GPIO_SetPinOutputType
</UL>
<BR>[Called By]<UL><LI><a href="#[17f]">&gt;&gt;</a>&nbsp;&nbsp;&nbsp;pin_mode
<LI><a href="#[180]">&gt;&gt;</a>&nbsp;&nbsp;&nbsp;pin_function
</UL>

<P><STRONG><a name="[1a4]"></a>LL_GPIO_SetPinPull</STRONG> (Thumb, 28 bytes, Stack size 8 bytes, .\build\pinmap.o(i.LL_GPIO_SetPinPull))
<BR><BR>[Stack]<UL><LI>Max Depth = 8<LI>Call Chain = LL_GPIO_SetPinPull
</UL>
<BR>[Called By]<UL><LI><a href="#[198]">&gt;&gt;</a>&nbsp;&nbsp;&nbsp;stm_pin_PullConfig
</UL>

<P><STRONG><a name="[199]"></a>stm_pin_DisconnectDebug</STRONG> (Thumb, 88 bytes, Stack size 8 bytes, .\build\pinmap.o(i.stm_pin_DisconnectDebug))
<BR><BR>[Stack]<UL><LI>Max Depth = 8<LI>Call Chain = stm_pin_DisconnectDebug
</UL>
<BR>[Called By]<UL><LI><a href="#[180]">&gt;&gt;</a>&nbsp;&nbsp;&nbsp;pin_function
</UL>

<P><STRONG><a name="[198]"></a>stm_pin_PullConfig</STRONG> (Thumb, 104 bytes, Stack size 24 bytes, .\build\pinmap.o(i.stm_pin_PullConfig))
<BR><BR>[Stack]<UL><LI>Max Depth = 40<LI>Call Chain = stm_pin_PullConfig &rArr; LL_GPIO_SetPinMode
</UL>
<BR>[Calls]<UL><LI><a href="#[1a4]">&gt;&gt;</a>&nbsp;&nbsp;&nbsp;LL_GPIO_SetPinPull
<LI><a href="#[196]">&gt;&gt;</a>&nbsp;&nbsp;&nbsp;LL_GPIO_SetPinMode
<LI><a href="#[19a]">&gt;&gt;</a>&nbsp;&nbsp;&nbsp;LL_GPIO_GetPinMode
</UL>
<BR>[Called By]<UL><LI><a href="#[17f]">&gt;&gt;</a>&nbsp;&nbsp;&nbsp;pin_mode
<LI><a href="#[180]">&gt;&gt;</a>&nbsp;&nbsp;&nbsp;pin_function
</UL>

<P><STRONG><a name="[195]"></a>stm_pin_SetAFPin</STRONG> (Thumb, 290 bytes, Stack size 12 bytes, .\build\pinmap.o(i.stm_pin_SetAFPin))
<BR><BR>[Stack]<UL><LI>Max Depth = 12<LI>Call Chain = stm_pin_SetAFPin
</UL>
<BR>[Called By]<UL><LI><a href="#[180]">&gt;&gt;</a>&nbsp;&nbsp;&nbsp;pin_function
</UL>

<P><STRONG><a name="[173]"></a>debug</STRONG> (Thumb, 28 bytes, Stack size 24 bytes, .\build\serial_api.o(i.debug))
<BR><BR>[Stack]<UL><LI>Max Depth = 144 + Unknown Stack Size
<LI>Call Chain = debug &rArr; vfprintf &rArr; _printf_char_file &rArr; _printf_char_common &rArr; __printf
</UL>
<BR>[Calls]<UL><LI><a href="#[c2]">&gt;&gt;</a>&nbsp;&nbsp;&nbsp;vfprintf
</UL>
<BR>[Called By]<UL><LI><a href="#[13b]">&gt;&gt;</a>&nbsp;&nbsp;&nbsp;serial_baud
</UL>

<P><STRONG><a name="[11d]"></a>RCC_Delay</STRONG> (Thumb, 36 bytes, Stack size 8 bytes, .\build\stm32f1xx_hal_rcc.o(i.RCC_Delay))
<BR><BR>[Stack]<UL><LI>Max Depth = 8<LI>Call Chain = RCC_Delay
</UL>
<BR>[Called By]<UL><LI><a href="#[11c]">&gt;&gt;</a>&nbsp;&nbsp;&nbsp;HAL_RCC_OscConfig
</UL>

<P><STRONG><a name="[126]"></a>UART_SetConfig</STRONG> (Thumb, 450 bytes, Stack size 24 bytes, .\build\stm32f1xx_hal_uart.o(i.UART_SetConfig))
<BR><BR>[Stack]<UL><LI>Max Depth = 28<LI>Call Chain = UART_SetConfig &rArr; HAL_RCC_GetPCLK1Freq
</UL>
<BR>[Calls]<UL><LI><a href="#[119]">&gt;&gt;</a>&nbsp;&nbsp;&nbsp;HAL_RCC_GetPCLK1Freq
<LI><a href="#[11b]">&gt;&gt;</a>&nbsp;&nbsp;&nbsp;HAL_RCC_GetPCLK2Freq
</UL>
<BR>[Called By]<UL><LI><a href="#[124]">&gt;&gt;</a>&nbsp;&nbsp;&nbsp;HAL_UART_Init
</UL>

<P><STRONG><a name="[5b]"></a>_printf_input_char</STRONG> (Thumb, 10 bytes, Stack size 0 bytes, D:\Keil_v5\ARM\ARMCC\Bin\..\lib\armlib\c_w.l(_printf_char_common.o)(.text))
<BR>[Address Reference Count : 1]<UL><LI> _printf_char_common.o(.text)
</UL>
<P><STRONG><a name="[f6]"></a>_fp_digits</STRONG> (Thumb, 428 bytes, Stack size 96 bytes, D:\Keil_v5\ARM\ARMCC\Bin\..\lib\armlib\c_w.l(_printf_fp_dec.o)(.text))
<BR><BR>[Stack]<UL><LI>Max Depth = 216<LI>Call Chain = _fp_digits &rArr; _btod_etento &rArr; _btod_emul &rArr; _e2e
</UL>
<BR>[Calls]<UL><LI><a href="#[fa]">&gt;&gt;</a>&nbsp;&nbsp;&nbsp;_btod_emul
<LI><a href="#[f9]">&gt;&gt;</a>&nbsp;&nbsp;&nbsp;_btod_ediv
<LI><a href="#[f8]">&gt;&gt;</a>&nbsp;&nbsp;&nbsp;_btod_d2e
<LI><a href="#[f7]">&gt;&gt;</a>&nbsp;&nbsp;&nbsp;_btod_etento
<LI><a href="#[e8]">&gt;&gt;</a>&nbsp;&nbsp;&nbsp;_ll_udiv10
</UL>
<BR>[Called By]<UL><LI><a href="#[fb]">&gt;&gt;</a>&nbsp;&nbsp;&nbsp;_printf_fp_dec_real
</UL>
<P>
<H3>
Undefined Global Symbols
</H3><HR></body></html>
