<html>
<body>
<pre>
<h1>µVision Build Log</h1>
<h2>Tool Versions:</h2>
IDE-Version: ¦ÌVision V5.21.1.0
Copyright (C) 2016 ARM Ltd and ARM Germany GmbH. All rights reserved.
License Information: zhong zy, china, LIC=UJWDY-I448Z-1P3Z5-GCILB-Z4PUG-RMS79
 
Tool Versions:
Toolchain:       MDK-ARM Plus  Version: 5.21a
Toolchain Path:  D:\Keil_v5\ARM\ARMCC\Bin
C Compiler:      Armcc.exe V5.06 update 3 (build 300)
Assembler:       Armasm.exe V5.06 update 3 (build 300)
Linker/Locator:  ArmLink.exe V5.06 update 3 (build 300)
Library Manager: ArmAr.exe V5.06 update 3 (build 300)
Hex Converter:   FromElf.exe V5.06 update 3 (build 300)
CPU DLL:         SARMCM3.DLL V5.21a
Dialog DLL:      DARMCM1.DLL V1.14.0.0
Target DLL:      UL2CM3.DLL V1.158.5.0
Dialog DLL:      TARMCM1.DLL V1.10.0.0
 
<h2>Project:</h2>
E:\electronics\mbed\NUCLEO-F030R8\Demo_F030R8\project\Nucleo_blink_led.uvprojx
Project File Date:  12/07/2018

<h2>Output:</h2>
*** Using Compiler 'V5.06 update 3 (build 300)', folder: 'D:\Keil_v5\ARM\ARMCC\Bin'
Build target 'Nucleo_blink_led'
compiling AnalogIn.cpp...
compiling BusIn.cpp...
compiling main.cpp...
..\mbed\platform/mbed_power_mgmt.h(268): warning:  #1461-D: function declared with "noreturn" does return
  }
..\user\main.cpp: 1 warning, 0 errors
compiling BusOut.cpp...
compiling BusInOut.cpp...
compiling CAN.cpp...
compiling FlashIAP.cpp...
compiling Ethernet.cpp...
compiling I2C.cpp...
..\mbed\platform/mbed_power_mgmt.h(268): warning:  #1461-D: function declared with "noreturn" does return
  }
..\mbed\drivers\I2C.cpp: 1 warning, 0 errors
compiling InterruptManager.cpp...
compiling I2CSlave.cpp...
compiling InterruptIn.cpp...
compiling MbedCRC.cpp...
compiling QSPI.cpp...
compiling RawSerial.cpp...
compiling Serial.cpp...
compiling SerialBase.cpp...
..\mbed\platform/mbed_power_mgmt.h(268): warning:  #1461-D: function declared with "noreturn" does return
  }
..\mbed\drivers\SerialBase.cpp: 1 warning, 0 errors
compiling SPI.cpp...
..\mbed\platform/mbed_power_mgmt.h(268): warning:  #1461-D: function declared with "noreturn" does return
  }
..\mbed\drivers\SPI.cpp: 1 warning, 0 errors
compiling TableCRC.cpp...
compiling SPISlave.cpp...
compiling Ticker.cpp...
..\mbed\platform/mbed_power_mgmt.h(268): warning:  #1461-D: function declared with "noreturn" does return
  }
..\mbed\drivers\Ticker.cpp: 1 warning, 0 errors
compiling Timeout.cpp...
..\mbed\platform/mbed_power_mgmt.h(268): warning:  #1461-D: function declared with "noreturn" does return
  }
..\mbed\drivers\Timeout.cpp: 1 warning, 0 errors
compiling Timer.cpp...
..\mbed\platform/mbed_power_mgmt.h(268): warning:  #1461-D: function declared with "noreturn" does return
  }
..\mbed\drivers\Timer.cpp: 1 warning, 0 errors
compiling TimerEvent.cpp...
compiling UARTSerial.cpp...
compiling LowPowerTickerWrapper.cpp...
..\mbed\platform/mbed_power_mgmt.h(268): warning:  #1461-D: function declared with "noreturn" does return
  }
..\mbed\hal\LowPowerTickerWrapper.cpp: 1 warning, 0 errors
compiling mbed_critical_section_api.c...
compiling mbed_flash_api.c...
compiling mbed_itm_api.c...
compiling mbed_gpio.c...
compiling mbed_lp_ticker_api.c...
compiling mbed_pinmap_common.c...
compiling mbed_lp_ticker_wrapper.cpp...
compiling mbed_us_ticker_api.c...
compiling mbed_sleep_manager.c...
..\mbed\platform/mbed_power_mgmt.h(268): warning:  #1461-D: function declared with "noreturn" does return
  }
..\mbed\hal\mbed_sleep_manager.c: 1 warning, 0 errors
compiling mbed_ticker_api.c...
compiling mbed_mpu_v7m.c...
compiling mbed_mpu_v8m.c...
compiling ATCmdParser.cpp...
compiling CallChain.cpp...
compiling FileBase.cpp...
compiling FileHandle.cpp...
compiling FilePath.cpp...
compiling LocalFileSystem.cpp...
compiling FileSystemHandle.cpp...
compiling mbed_assert.c...
compiling mbed_application.c...
compiling mbed_alloc_wrappers.cpp...
compiling mbed_board.c...
..\mbed\platform\mbed_board.c(67): warning:  #223-D: function "memcpy" declared implicitly
          memcpy(&buffer[sizeof buffer - sizeof ellipsis], ellipsis, sizeof ellipsis);
..\mbed\platform\mbed_board.c(88): warning:  #223-D: function "strlen" declared implicitly
      write(
TDERR_FILENO, str, strlen(str));
..\mbed\platform\mbed_board.c: 2 warnings, 0 errors
compiling mbed_critical.c...
compiling mbed_error.c...
..\mbed\platform/mbed_power_mgmt.h(268): warning:  #1461-D: function declared with "noreturn" does return
  }
..\mbed\platform\mbed_error.c(70): warning:  #177-D: function "compute_crc32" was declared but never referenced
  static unsigned int compute_crc32(const void *data, int datalen)
..\mbed\platform\mbed_error.c(430): warning:  #177-D: function "name_or_unnamed" was declared but never referenced
  static const char *name_or_unnamed(const char *name)
..\mbed\platform\mbed_error.c: 3 warnings, 0 errors
compiling mbed_error_hist.c...
compiling mbed_mem_trace.cpp...
compiling mbed_mktime.c...
compiling mbed_mpu_mgmt.c...
compiling mbed_interface.c...
compiling mbed_poll.cpp...
..\mbed\platform/mbed_power_mgmt.h(268): warning:  #1461-D: function declared with "noreturn" does return
  }
..\mbed\platform\mbed_poll.cpp: 1 warning, 0 errors
compiling mbed_rtc_time.cpp...
compiling mbed_sdk_boot.c...
compiling mbed_retarget.cpp...
"no source": Warning:  #541-D: allowing all exceptions is incompatible with previous function "operator new(std::size_t)" (declared at line 78 of "D:\Keil_v5\ARM\ARMCC\Bin\..\include\new")
"no source": Warning:  #541-D: allowing all exceptions is incompatible with previous function "operator new[](std::size_t)" (declared at line 97 of "D:\Keil_v5\ARM\ARMCC\Bin\..\include\new")
"no source": Warning:  #541-D: allowing all exceptions is incompatible with previous function "operator new(std::size_t, const std::nothrow_t &)" (declared at line 84 of "D:\Keil_v5\ARM\ARMCC\Bin\..\include\new")
"no source": Warning:  #541-D: allowing all exceptions is incompatible with previous function "operator new[](std::size_t, const std::nothrow_t &)" (declared at line 109 of "D:\Keil_v5\ARM\ARMCC\Bin\..\include\new")
"no source": Warning:  #541-D: allowing all exceptions is incompatible with previous function "operator delete(void *)" (declared at line 81 of "D:\Keil_v5\ARM\ARMCC\Bin\..\include\new")
"no source": Warning:  #541-D: allowing all exceptions is incompatible with previous function "operator delete[](void *)" (declared at line 100 of "D:\Keil_v5\ARM\ARMCC\Bin\..\include\new")
..\mbed\platform\mbed_retarget.cpp: 6 warnings, 0 errors
compiling mbed_semihost_api.c...
compiling mbed_stats.c...
..\mbed\platform\mbed_power_mgmt.h(268): warning:  #1461-D: function declared with "noreturn" does return
  }
..\mbed\platform\mbed_stats.c: 1 warning, 0 errors
compiling mbed_wait_api_rtos.cpp...
compiling mbed_wait_api_no_rtos.c...
compiling Stream.cpp...
compiling analogin_api.c...
compiling can_api.c...
compiling analogout_api.c...
compiling gpio_api.c...
compiling gpio_irq_api.c...
compiling hal_tick_overrides.c...
compiling i2c_api.c...
compiling lp_ticker.c...
compiling pinmap.c...
compiling mbed_crc_api.c...
..\mbed/hal/crc_api.h(37): warning:  #66-D: enumeration value is out of "int" range
      POLY_32BIT_REV_ANSI = 0xEDB88320
..\mbed\targets\TARGET_STM\mbed_crc_api.c: 1 warning, 0 errors
compiling mbed_overrides.c...
..\mbed\targets\TARGET_STM\mbed_overrides.c(67): warning:  #223-D: function "error" declared implicitly
              error("Init : cannot initialize LSI\n");
..\mbed\targets\TARGET_STM\mbed_overrides.c: 1 warning, 0 errors
compiling qspi_api.c...
compiling port_api.c...
compiling pwmout_api.c...
compiling serial_api.c...
compiling rtc_api.c...
compiling sleep.c...
compiling trng_api.c...
compiling us_ticker.c...
compiling analogin_device.c...
compiling stm_spi_api.c...
compiling gpio_irq_device.c...
compiling analogout_device.c...
compiling flash_api.c...
compiling spi_api.c...
compiling pwmout_device.c...
compiling serial_device.c...
..\mbed\targets\TARGET_STM\TARGET_STM32F0\serial_device.c(99): warning:  #177-D: function "uart3_8_irq" was declared but never referenced
  static void uart3_8_irq(void)
..\mbed\targets\TARGET_STM\TARGET_STM32F0\serial_device.c: 1 warning, 0 errors
compiling stm32f0xx_hal.c...
compiling stm32f0xx_hal_adc_ex.c...
compiling stm32f0xx_hal_adc.c...
compiling stm32f0xx_hal_can.c...
compiling stm32f0xx_hal_cec.c...
compiling stm32f0xx_hal_comp.c...
compiling stm32f0xx_hal_cortex.c...
compiling stm32f0xx_hal_crc_ex.c...
compiling stm32f0xx_hal_crc.c...
compiling stm32f0xx_hal_dac_ex.c...
compiling stm32f0xx_hal_dac.c...
compiling stm32f0xx_hal_dma.c...
compiling stm32f0xx_hal_flash_ex.c...
compiling stm32f0xx_hal_flash.c...
compiling stm32f0xx_hal_gpio.c...
compiling stm32f0xx_hal_i2s.c...
compiling stm32f0xx_hal_i2c.c...
compiling stm32f0xx_hal_i2c_ex.c...
compiling stm32f0xx_hal_pcd.c...
compiling stm32f0xx_hal_iwdg.c...
compiling stm32f0xx_hal_irda.c...
compiling stm32f0xx_hal_pwr_ex.c...
compiling stm32f0xx_hal_pwr.c...
compiling stm32f0xx_hal_pcd_ex.c...
compiling stm32f0xx_hal_rcc_ex.c...
compiling stm32f0xx_hal_rtc.c...
compiling stm32f0xx_hal_rcc.c...
compiling stm32f0xx_hal_smartcard_ex.c...
compiling stm32f0xx_hal_rtc_ex.c...
compiling stm32f0xx_hal_smartcard.c...
compiling stm32f0xx_hal_spi_ex.c...
compiling stm32f0xx_hal_smbus.c...
compiling stm32f0xx_hal_spi.c...
compiling stm32f0xx_hal_tsc.c...
compiling stm32f0xx_hal_tim_ex.c...
compiling stm32f0xx_hal_tim.c...
compiling stm32f0xx_hal_uart_ex.c...
compiling stm32f0xx_hal_uart.c...
compiling stm32f0xx_ll_adc.c...
compiling stm32f0xx_hal_wwdg.c...
compiling stm32f0xx_hal_usart.c...
compiling stm32f0xx_ll_crc.c...
compiling stm32f0xx_ll_comp.c...
compiling stm32f0xx_ll_crs.c...
compiling stm32f0xx_ll_dac.c...
compiling stm32f0xx_ll_dma.c...
compiling stm32f0xx_ll_exti.c...
compiling stm32f0xx_ll_i2c.c...
compiling stm32f0xx_ll_pwr.c...
compiling stm32f0xx_ll_gpio.c...
compiling stm32f0xx_ll_spi.c...
compiling stm32f0xx_ll_rcc.c...
compiling stm32f0xx_ll_rtc.c...
compiling stm32f0xx_ll_usart.c...
compiling stm32f0xx_ll_tim.c...
compiling PeripheralPins.c...
compiling system_stm32f0xx.c...
compiling stm32f0xx_ll_utils.c...
assembling startup_stm32f030x8.S...
compiling cmsis_nvic.c...
compiling system_clock.c...
linking...
Program Size: Code=24008 RO-data=2276 RW-data=148 ZI-data=1260  
FromELF: creating hex file...
".\BUILD\Nucleo_blink_led.axf" - 0 Error(s), 19 Warning(s).

<h2>Collection of Component include folders:</h2>
  E:\electronics\mbed\NUCLEO-F030R8\Demo_F030R8\project\RTE
  D:\Keil_v5\ARM\PACK\Keil\STM32F0xx_DFP\1.5.0\Device\Include

<h2>Collection of Component Files used:</h2>
Build Time Elapsed:  00:00:37
</pre>
</body>
</html>
